Archive member included to satisfy reference by file (symbol)

/home/liguo/bin/Ac6/SystemWorkbench/plugins/fr.ac6.mcu.externaltools.arm-none.linux64_1.15.0.201708311556/tools/compiler/bin/../lib/gcc/arm-none-eabi/6.3.1/../../../../arm-none-eabi/lib/thumb/v7-m/libc_nano.a(lib_a-exit.o)
                              /home/liguo/bin/Ac6/SystemWorkbench/plugins/fr.ac6.mcu.externaltools.arm-none.linux64_1.15.0.201708311556/tools/compiler/bin/../lib/gcc/arm-none-eabi/6.3.1/../../../../arm-none-eabi/lib/thumb/v7-m/crt0.o (exit)
/home/liguo/bin/Ac6/SystemWorkbench/plugins/fr.ac6.mcu.externaltools.arm-none.linux64_1.15.0.201708311556/tools/compiler/bin/../lib/gcc/arm-none-eabi/6.3.1/../../../../arm-none-eabi/lib/thumb/v7-m/libc_nano.a(lib_a-impure.o)
                              /home/liguo/bin/Ac6/SystemWorkbench/plugins/fr.ac6.mcu.externaltools.arm-none.linux64_1.15.0.201708311556/tools/compiler/bin/../lib/gcc/arm-none-eabi/6.3.1/../../../../arm-none-eabi/lib/thumb/v7-m/libc_nano.a(lib_a-exit.o) (_global_impure_ptr)
/home/liguo/bin/Ac6/SystemWorkbench/plugins/fr.ac6.mcu.externaltools.arm-none.linux64_1.15.0.201708311556/tools/compiler/bin/../lib/gcc/arm-none-eabi/6.3.1/../../../../arm-none-eabi/lib/thumb/v7-m/libc_nano.a(lib_a-init.o)
                              /home/liguo/bin/Ac6/SystemWorkbench/plugins/fr.ac6.mcu.externaltools.arm-none.linux64_1.15.0.201708311556/tools/compiler/bin/../lib/gcc/arm-none-eabi/6.3.1/../../../../arm-none-eabi/lib/thumb/v7-m/crt0.o (__libc_init_array)
/home/liguo/bin/Ac6/SystemWorkbench/plugins/fr.ac6.mcu.externaltools.arm-none.linux64_1.15.0.201708311556/tools/compiler/bin/../lib/gcc/arm-none-eabi/6.3.1/../../../../arm-none-eabi/lib/thumb/v7-m/libc_nano.a(lib_a-memcpy-stub.o)
                              Middlewares/Third_Party/FreeRTOS/Source/queue.o (memcpy)
/home/liguo/bin/Ac6/SystemWorkbench/plugins/fr.ac6.mcu.externaltools.arm-none.linux64_1.15.0.201708311556/tools/compiler/bin/../lib/gcc/arm-none-eabi/6.3.1/../../../../arm-none-eabi/lib/thumb/v7-m/libc_nano.a(lib_a-memset.o)
                              /home/liguo/bin/Ac6/SystemWorkbench/plugins/fr.ac6.mcu.externaltools.arm-none.linux64_1.15.0.201708311556/tools/compiler/bin/../lib/gcc/arm-none-eabi/6.3.1/../../../../arm-none-eabi/lib/thumb/v7-m/crt0.o (memset)
/home/liguo/bin/Ac6/SystemWorkbench/plugins/fr.ac6.mcu.externaltools.arm-none.linux64_1.15.0.201708311556/tools/compiler/bin/../lib/gcc/arm-none-eabi/6.3.1/../../../../arm-none-eabi/lib/thumb/v7-m/libnosys.a(_exit.o)
                              /home/liguo/bin/Ac6/SystemWorkbench/plugins/fr.ac6.mcu.externaltools.arm-none.linux64_1.15.0.201708311556/tools/compiler/bin/../lib/gcc/arm-none-eabi/6.3.1/../../../../arm-none-eabi/lib/thumb/v7-m/libc_nano.a(lib_a-exit.o) (_exit)

Allocating common symbols
Common symbol       size              file

defaultTaskHandle   0x4               Src/main.o
uwTick              0x4               Drivers/STM32F1xx_HAL_Driver/Src/stm32f1xx_hal.o
xQueueRegistry      0x40              Middlewares/Third_Party/FreeRTOS/Source/queue.o
pFlash              0x20              Drivers/STM32F1xx_HAL_Driver/Src/stm32f1xx_hal_flash.o
huart1              0x40              Src/main.o
htim1               0x40              Src/stm32f1xx_hal_timebase_TIM.o

Discarded input sections

 .text          0x0000000000000000        0x0 /home/liguo/bin/Ac6/SystemWorkbench/plugins/fr.ac6.mcu.externaltools.arm-none.linux64_1.15.0.201708311556/tools/compiler/bin/../lib/gcc/arm-none-eabi/6.3.1/thumb/v7-m/crti.o
 .data          0x0000000000000000        0x0 /home/liguo/bin/Ac6/SystemWorkbench/plugins/fr.ac6.mcu.externaltools.arm-none.linux64_1.15.0.201708311556/tools/compiler/bin/../lib/gcc/arm-none-eabi/6.3.1/thumb/v7-m/crti.o
 .bss           0x0000000000000000        0x0 /home/liguo/bin/Ac6/SystemWorkbench/plugins/fr.ac6.mcu.externaltools.arm-none.linux64_1.15.0.201708311556/tools/compiler/bin/../lib/gcc/arm-none-eabi/6.3.1/thumb/v7-m/crti.o
 .data          0x0000000000000000        0x4 /home/liguo/bin/Ac6/SystemWorkbench/plugins/fr.ac6.mcu.externaltools.arm-none.linux64_1.15.0.201708311556/tools/compiler/bin/../lib/gcc/arm-none-eabi/6.3.1/thumb/v7-m/crtbegin.o
 .text          0x0000000000000000       0x74 /home/liguo/bin/Ac6/SystemWorkbench/plugins/fr.ac6.mcu.externaltools.arm-none.linux64_1.15.0.201708311556/tools/compiler/bin/../lib/gcc/arm-none-eabi/6.3.1/../../../../arm-none-eabi/lib/thumb/v7-m/crt0.o
 .data          0x0000000000000000        0x0 /home/liguo/bin/Ac6/SystemWorkbench/plugins/fr.ac6.mcu.externaltools.arm-none.linux64_1.15.0.201708311556/tools/compiler/bin/../lib/gcc/arm-none-eabi/6.3.1/../../../../arm-none-eabi/lib/thumb/v7-m/crt0.o
 .bss           0x0000000000000000        0x0 /home/liguo/bin/Ac6/SystemWorkbench/plugins/fr.ac6.mcu.externaltools.arm-none.linux64_1.15.0.201708311556/tools/compiler/bin/../lib/gcc/arm-none-eabi/6.3.1/../../../../arm-none-eabi/lib/thumb/v7-m/crt0.o
[...]
Memory Configuration

Name             Origin             Length             Attributes
RAM              0x0000000020000000 0x0000000000010000 xrw
FLASH            0x0000000008000000 0x0000000000080000 xr
*default*        0x0000000000000000 0xffffffffffffffff

Linker script and memory map

LOAD /home/liguo/bin/Ac6/SystemWorkbench/plugins/fr.ac6.mcu.externaltools.arm-none.linux64_1.15.0.201708311556/tools/compiler/bin/../lib/gcc/arm-none-eabi/6.3.1/thumb/v7-m/crti.o
LOAD /home/liguo/bin/Ac6/SystemWorkbench/plugins/fr.ac6.mcu.externaltools.arm-none.linux64_1.15.0.201708311556/tools/compiler/bin/../lib/gcc/arm-none-eabi/6.3.1/thumb/v7-m/crtbegin.o
LOAD /home/liguo/bin/Ac6/SystemWorkbench/plugins/fr.ac6.mcu.externaltools.arm-none.linux64_1.15.0.201708311556/tools/compiler/bin/../lib/gcc/arm-none-eabi/6.3.1/../../../../arm-none-eabi/lib/thumb/v7-m/crt0.o
LOAD Drivers/STM32F1xx_HAL_Driver/Src/stm32f1xx_hal.o
LOAD Drivers/STM32F1xx_HAL_Driver/Src/stm32f1xx_hal_cortex.o
LOAD Drivers/STM32F1xx_HAL_Driver/Src/stm32f1xx_hal_dma.o
LOAD Drivers/STM32F1xx_HAL_Driver/Src/stm32f1xx_hal_flash.o
LOAD Drivers/STM32F1xx_HAL_Driver/Src/stm32f1xx_hal_flash_ex.o
LOAD Drivers/STM32F1xx_HAL_Driver/Src/stm32f1xx_hal_gpio.o
LOAD Drivers/STM32F1xx_HAL_Driver/Src/stm32f1xx_hal_gpio_ex.o
LOAD Drivers/STM32F1xx_HAL_Driver/Src/stm32f1xx_hal_pwr.o
LOAD Drivers/STM32F1xx_HAL_Driver/Src/stm32f1xx_hal_rcc.o
LOAD Drivers/STM32F1xx_HAL_Driver/Src/stm32f1xx_hal_rcc_ex.o
LOAD Drivers/STM32F1xx_HAL_Driver/Src/stm32f1xx_hal_tim.o
LOAD Drivers/STM32F1xx_HAL_Driver/Src/stm32f1xx_hal_tim_ex.o
LOAD Drivers/STM32F1xx_HAL_Driver/Src/stm32f1xx_hal_uart.o
LOAD Middlewares/Third_Party/FreeRTOS/Source/CMSIS_RTOS/cmsis_os.o
LOAD Middlewares/Third_Party/FreeRTOS/Source/croutine.o
LOAD Middlewares/Third_Party/FreeRTOS/Source/event_groups.o
LOAD Middlewares/Third_Party/FreeRTOS/Source/list.o
LOAD Middlewares/Third_Party/FreeRTOS/Source/queue.o
LOAD Middlewares/Third_Party/FreeRTOS/Source/tasks.o
LOAD Middlewares/Third_Party/FreeRTOS/Source/timers.o
LOAD Middlewares/Third_Party/FreeRTOS/Source/portable/GCC/ARM_CM3/port.o
LOAD Middlewares/Third_Party/FreeRTOS/Source/portable/MemMang/heap_4.o
LOAD Src/freertos.o
LOAD Src/main.o
LOAD Src/stm32f1xx_hal_msp.o
LOAD Src/stm32f1xx_hal_timebase_TIM.o
LOAD Src/stm32f1xx_it.o
LOAD Src/system_stm32f1xx.o
LOAD Src/user.o
LOAD startup/startup_stm32f103xe.o
LOAD /home/liguo/bin/Ac6/SystemWorkbench/plugins/fr.ac6.mcu.externaltools.arm-none.linux64_1.15.0.201708311556/tools/compiler/bin/../lib/gcc/arm-none-eabi/6.3.1/../../../../arm-none-eabi/lib/thumb/v7-m/libm.a
START GROUP
LOAD /home/liguo/bin/Ac6/SystemWorkbench/plugins/fr.ac6.mcu.externaltools.arm-none.linux64_1.15.0.201708311556/tools/compiler/bin/../lib/gcc/arm-none-eabi/6.3.1/thumb/v7-m/libgcc.a
LOAD /home/liguo/bin/Ac6/SystemWorkbench/plugins/fr.ac6.mcu.externaltools.arm-none.linux64_1.15.0.201708311556/tools/compiler/bin/../lib/gcc/arm-none-eabi/6.3.1/../../../../arm-none-eabi/lib/thumb/v7-m/libc_nano.a
END GROUP
START GROUP
LOAD /home/liguo/bin/Ac6/SystemWorkbench/plugins/fr.ac6.mcu.externaltools.arm-none.linux64_1.15.0.201708311556/tools/compiler/bin/../lib/gcc/arm-none-eabi/6.3.1/thumb/v7-m/libgcc.a
LOAD /home/liguo/bin/Ac6/SystemWorkbench/plugins/fr.ac6.mcu.externaltools.arm-none.linux64_1.15.0.201708311556/tools/compiler/bin/../lib/gcc/arm-none-eabi/6.3.1/../../../../arm-none-eabi/lib/thumb/v7-m/libc_nano.a
LOAD /home/liguo/bin/Ac6/SystemWorkbench/plugins/fr.ac6.mcu.externaltools.arm-none.linux64_1.15.0.201708311556/tools/compiler/bin/../lib/gcc/arm-none-eabi/6.3.1/../../../../arm-none-eabi/lib/thumb/v7-m/libnosys.a
END GROUP
START GROUP
LOAD /home/liguo/bin/Ac6/SystemWorkbench/plugins/fr.ac6.mcu.externaltools.arm-none.linux64_1.15.0.201708311556/tools/compiler/bin/../lib/gcc/arm-none-eabi/6.3.1/thumb/v7-m/libgcc.a
LOAD /home/liguo/bin/Ac6/SystemWorkbench/plugins/fr.ac6.mcu.externaltools.arm-none.linux64_1.15.0.201708311556/tools/compiler/bin/../lib/gcc/arm-none-eabi/6.3.1/../../../../arm-none-eabi/lib/thumb/v7-m/libc_nano.a
LOAD /home/liguo/bin/Ac6/SystemWorkbench/plugins/fr.ac6.mcu.externaltools.arm-none.linux64_1.15.0.201708311556/tools/compiler/bin/../lib/gcc/arm-none-eabi/6.3.1/../../../../arm-none-eabi/lib/thumb/v7-m/libnosys.a
END GROUP
LOAD /home/liguo/bin/Ac6/SystemWorkbench/plugins/fr.ac6.mcu.externaltools.arm-none.linux64_1.15.0.201708311556/tools/compiler/bin/../lib/gcc/arm-none-eabi/6.3.1/thumb/v7-m/crtend.o
LOAD /home/liguo/bin/Ac6/SystemWorkbench/plugins/fr.ac6.mcu.externaltools.arm-none.linux64_1.15.0.201708311556/tools/compiler/bin/../lib/gcc/arm-none-eabi/6.3.1/thumb/v7-m/crtn.o
                0x0000000020010000                _estack = 0x20010000
                0x0000000000000200                _Min_Heap_Size = 0x200
                0x0000000000000400                _Min_Stack_Size = 0x400

.isr_vector     0x0000000008000000      0x1e4
                0x0000000008000000                . = ALIGN (0x4)
 *(.isr_vector)
 .isr_vector    0x0000000008000000      0x1e4 startup/startup_stm32f103xe.o
                0x0000000008000000                g_pfnVectors
                0x00000000080001e4                . = ALIGN (0x4)

.text           0x00000000080001f0     0x1fc0
                0x00000000080001f0                . = ALIGN (0x4)
 *(.text)
 .text          0x00000000080001f0       0x6c /home/liguo/bin/Ac6/SystemWorkbench/plugins/fr.ac6.mcu.externaltools.arm-none.linux64_1.15.0.201708311556/tools/compiler/bin/../lib/gcc/arm-none-eabi/6.3.1/thumb/v7-m/crtbegin.o
 *(.text*)
 .text.HAL_Init
                0x000000000800025c       0x24 Drivers/STM32F1xx_HAL_Driver/Src/stm32f1xx_hal.o
                0x000000000800025c                HAL_Init
 .text.HAL_IncTick
                0x0000000008000280       0x18 Drivers/STM32F1xx_HAL_Driver/Src/stm32f1xx_hal.o
                0x0000000008000280                HAL_IncTick
 .text.HAL_GetTick
                0x0000000008000298        0xc Drivers/STM32F1xx_HAL_Driver/Src/stm32f1xx_hal.o
                0x0000000008000298                HAL_GetTick
 .text.HAL_NVIC_SetPriorityGrouping
                0x00000000080002a4       0x24 Drivers/STM32F1xx_HAL_Driver/Src/stm32f1xx_hal_cortex.o
                0x00000000080002a4                HAL_NVIC_SetPriorityGrouping
 .text.HAL_NVIC_SetPriority
                0x00000000080002c8       0x64 Drivers/STM32F1xx_HAL_Driver/Src/stm32f1xx_hal_cortex.o
                0x00000000080002c8                HAL_NVIC_SetPriority
 .text.HAL_NVIC_EnableIRQ
                0x000000000800032c       0x18 Drivers/STM32F1xx_HAL_Driver/Src/stm32f1xx_hal_cortex.o
                0x000000000800032c                HAL_NVIC_EnableIRQ
 .text.HAL_SYSTICK_Config
                0x0000000008000344       0x2c Drivers/STM32F1xx_HAL_Driver/Src/stm32f1xx_hal_cortex.o
                0x0000000008000344                HAL_SYSTICK_Config
 .text.HAL_SYSTICK_CLKSourceConfig
                0x0000000008000370       0x20 Drivers/STM32F1xx_HAL_Driver/Src/stm32f1xx_hal_cortex.o
                0x0000000008000370                HAL_SYSTICK_CLKSourceConfig
 .text.HAL_GPIO_Init
                0x0000000008000390      0x1fc Drivers/STM32F1xx_HAL_Driver/Src/stm32f1xx_hal_gpio.o
                0x0000000008000390                HAL_GPIO_Init
 .text.HAL_GPIO_WritePin
                0x000000000800058c        0xc Drivers/STM32F1xx_HAL_Driver/Src/stm32f1xx_hal_gpio.o
                0x000000000800058c                HAL_GPIO_WritePin
 .text.RCC_Delay
                0x0000000008000598       0x2c Drivers/STM32F1xx_HAL_Driver/Src/stm32f1xx_hal_rcc.o
 .text.HAL_RCC_OscConfig
                0x00000000080005c4      0x3e0 Drivers/STM32F1xx_HAL_Driver/Src/stm32f1xx_hal_rcc.o
                0x00000000080005c4                HAL_RCC_OscConfig
 .text.HAL_RCC_GetSysClockFreq
                0x00000000080009a4       0x6c Drivers/STM32F1xx_HAL_Driver/Src/stm32f1xx_hal_rcc.o
                0x00000000080009a4                HAL_RCC_GetSysClockFreq
 .text.HAL_RCC_ClockConfig
                0x0000000008000a10      0x178 Drivers/STM32F1xx_HAL_Driver/Src/stm32f1xx_hal_rcc.o
                0x0000000008000a10                HAL_RCC_ClockConfig
 .text.HAL_RCC_GetHCLKFreq
                0x0000000008000b88        0xc Drivers/STM32F1xx_HAL_Driver/Src/stm32f1xx_hal_rcc.o
                0x0000000008000b88                HAL_RCC_GetHCLKFreq
 .text.HAL_RCC_GetPCLK1Freq
                0x0000000008000b94       0x20 Drivers/STM32F1xx_HAL_Driver/Src/stm32f1xx_hal_rcc.o
                0x0000000008000b94                HAL_RCC_GetPCLK1Freq
 .text.HAL_RCC_GetPCLK2Freq
                0x0000000008000bb4       0x20 Drivers/STM32F1xx_HAL_Driver/Src/stm32f1xx_hal_rcc.o
                0x0000000008000bb4                HAL_RCC_GetPCLK2Freq
 .text.HAL_RCC_GetClockConfig
                0x0000000008000bd4       0x3c Drivers/STM32F1xx_HAL_Driver/Src/stm32f1xx_hal_rcc.o
                0x0000000008000bd4                HAL_RCC_GetClockConfig
 .text.HAL_TIM_Base_MspInit
                0x0000000008000c10        0x2 Drivers/STM32F1xx_HAL_Driver/Src/stm32f1xx_hal_tim.o
                0x0000000008000c10                HAL_TIM_Base_MspInit
 .text.HAL_TIM_Base_Start_IT
                0x0000000008000c12       0x18 Drivers/STM32F1xx_HAL_Driver/Src/stm32f1xx_hal_tim.o
                0x0000000008000c12                HAL_TIM_Base_Start_IT
 .text.HAL_TIM_OC_DelayElapsedCallback
                0x0000000008000c2a        0x2 Drivers/STM32F1xx_HAL_Driver/Src/stm32f1xx_hal_tim.o
                0x0000000008000c2a                HAL_TIM_OC_DelayElapsedCallback
 .text.HAL_TIM_IC_CaptureCallback
                0x0000000008000c2c        0x2 Drivers/STM32F1xx_HAL_Driver/Src/stm32f1xx_hal_tim.o
                0x0000000008000c2c                HAL_TIM_IC_CaptureCallback
 .text.HAL_TIM_PWM_PulseFinishedCallback
                0x0000000008000c2e        0x2 Drivers/STM32F1xx_HAL_Driver/Src/stm32f1xx_hal_tim.o
                0x0000000008000c2e                HAL_TIM_PWM_PulseFinishedCallback
 .text.HAL_TIM_TriggerCallback
                0x0000000008000c30        0x2 Drivers/STM32F1xx_HAL_Driver/Src/stm32f1xx_hal_tim.o
                0x0000000008000c30                HAL_TIM_TriggerCallback
 .text.HAL_TIM_IRQHandler
                0x0000000008000c32      0x17a Drivers/STM32F1xx_HAL_Driver/Src/stm32f1xx_hal_tim.o
                0x0000000008000c32                HAL_TIM_IRQHandler
 .text.TIM_Base_SetConfig
                0x0000000008000dac       0x9c Drivers/STM32F1xx_HAL_Driver/Src/stm32f1xx_hal_tim.o
                0x0000000008000dac                TIM_Base_SetConfig
 .text.HAL_TIM_Base_Init
                0x0000000008000e48       0x32 Drivers/STM32F1xx_HAL_Driver/Src/stm32f1xx_hal_tim.o
                0x0000000008000e48                HAL_TIM_Base_Init
 .text.HAL_TIMEx_CommutationCallback
                0x0000000008000e7a        0x2 Drivers/STM32F1xx_HAL_Driver/Src/stm32f1xx_hal_tim_ex.o
                0x0000000008000e7a                HAL_TIMEx_CommutationCallback
 .text.HAL_TIMEx_BreakCallback
                0x0000000008000e7c        0x2 Drivers/STM32F1xx_HAL_Driver/Src/stm32f1xx_hal_tim_ex.o
                0x0000000008000e7c                HAL_TIMEx_BreakCallback
 *fill*         0x0000000008000e7e        0x2 
 .text.UART_SetConfig
                0x0000000008000e80      0x1b0 Drivers/STM32F1xx_HAL_Driver/Src/stm32f1xx_hal_uart.o
 .text.HAL_UART_Init
                0x0000000008001030       0x5e Drivers/STM32F1xx_HAL_Driver/Src/stm32f1xx_hal_uart.o
                0x0000000008001030                HAL_UART_Init
 .text.makeFreeRtosPriority
                0x000000000800108e        0xc Middlewares/Third_Party/FreeRTOS/Source/CMSIS_RTOS/cmsis_os.o
 .text.osKernelStart
                0x000000000800109a        0xa Middlewares/Third_Party/FreeRTOS/Source/CMSIS_RTOS/cmsis_os.o
                0x000000000800109a                osKernelStart
 .text.osThreadCreate
                0x00000000080010a4       0x34 Middlewares/Third_Party/FreeRTOS/Source/CMSIS_RTOS/cmsis_os.o
                0x00000000080010a4                osThreadCreate
 .text.osDelay  0x00000000080010d8       0x12 Middlewares/Third_Party/FreeRTOS/Source/CMSIS_RTOS/cmsis_os.o
                0x00000000080010d8                osDelay
 .text.osSystickHandler
                0x00000000080010ea       0x10 Middlewares/Third_Party/FreeRTOS/Source/CMSIS_RTOS/cmsis_os.o
                0x00000000080010ea                osSystickHandler
 .text.vListInitialise
                0x00000000080010fa       0x16 Middlewares/Third_Party/FreeRTOS/Source/list.o
                0x00000000080010fa                vListInitialise
 .text.vListInitialiseItem
                0x0000000008001110        0x6 Middlewares/Third_Party/FreeRTOS/Source/list.o
                0x0000000008001110                vListInitialiseItem
 .text.vListInsertEnd
                0x0000000008001116       0x18 Middlewares/Third_Party/FreeRTOS/Source/list.o
                0x0000000008001116                vListInsertEnd
 .text.vListInsert
                0x000000000800112e       0x34 Middlewares/Third_Party/FreeRTOS/Source/list.o
                0x000000000800112e                vListInsert
 .text.uxListRemove
                0x0000000008001162       0x26 Middlewares/Third_Party/FreeRTOS/Source/list.o
                0x0000000008001162                uxListRemove
 .text.prvResetNextTaskUnblockTime
                0x0000000008001188       0x2c Middlewares/Third_Party/FreeRTOS/Source/tasks.o
 .text.prvDeleteTCB
                0x00000000080011b4       0x12 Middlewares/Third_Party/FreeRTOS/Source/tasks.o
 .text.prvInitialiseNewTask
                0x00000000080011c6       0x80 Middlewares/Third_Party/FreeRTOS/Source/tasks.o
 *fill*         0x0000000008001246        0x2 
 .text.prvInitialiseTaskLists
                0x0000000008001248       0x58 Middlewares/Third_Party/FreeRTOS/Source/tasks.o
 .text.prvAddNewTaskToReadyList
                0x00000000080012a0       0xac Middlewares/Third_Party/FreeRTOS/Source/tasks.o
 .text.prvAddCurrentTaskToDelayedList
                0x000000000800134c       0x88 Middlewares/Third_Party/FreeRTOS/Source/tasks.o
 .text.xTaskCreate
                0x00000000080013d4       0x62 Middlewares/Third_Party/FreeRTOS/Source/tasks.o
                0x00000000080013d4                xTaskCreate
 *fill*         0x0000000008001436        0x2 
 .text.vTaskStartScheduler
                0x0000000008001438       0x74 Middlewares/Third_Party/FreeRTOS/Source/tasks.o
                0x0000000008001438                vTaskStartScheduler
 .text.vTaskSuspendAll
                0x00000000080014ac       0x14 Middlewares/Third_Party/FreeRTOS/Source/tasks.o
                0x00000000080014ac                vTaskSuspendAll
 .text.xTaskIncrementTick
                0x00000000080014c0      0x114 Middlewares/Third_Party/FreeRTOS/Source/tasks.o
                0x00000000080014c0                xTaskIncrementTick
 .text.xTaskResumeAll
                0x00000000080015d4       0xf4 Middlewares/Third_Party/FreeRTOS/Source/tasks.o
                0x00000000080015d4                xTaskResumeAll
 .text.vTaskDelay
                0x00000000080016c8       0x50 Middlewares/Third_Party/FreeRTOS/Source/tasks.o
                0x00000000080016c8                vTaskDelay
 .text.prvCheckTasksWaitingTermination
                0x0000000008001718       0x54 Middlewares/Third_Party/FreeRTOS/Source/tasks.o
 .text.prvIdleTask
                0x000000000800176c       0x28 Middlewares/Third_Party/FreeRTOS/Source/tasks.o
 .text.vTaskSwitchContext
                0x0000000008001794       0x8c Middlewares/Third_Party/FreeRTOS/Source/tasks.o
                0x0000000008001794                vTaskSwitchContext
 .text.xTaskGetSchedulerState
                0x0000000008001820       0x20 Middlewares/Third_Party/FreeRTOS/Source/tasks.o
                0x0000000008001820                xTaskGetSchedulerState
 .text.prvTaskExitError
                0x0000000008001840       0x34 Middlewares/Third_Party/FreeRTOS/Source/portable/GCC/ARM_CM3/port.o
 .text.prvPortStartFirstTask
                0x0000000008001874       0x20 Middlewares/Third_Party/FreeRTOS/Source/portable/GCC/ARM_CM3/port.o
 .text.pxPortInitialiseStack
                0x0000000008001894       0x24 Middlewares/Third_Party/FreeRTOS/Source/portable/GCC/ARM_CM3/port.o
                0x0000000008001894                pxPortInitialiseStack
 *fill*         0x00000000080018b8        0x8 
 .text.SVC_Handler
                0x00000000080018c0       0x24 Middlewares/Third_Party/FreeRTOS/Source/portable/GCC/ARM_CM3/port.o
                0x00000000080018c0                SVC_Handler
 .text.vPortEnterCritical
                0x00000000080018e4       0x44 Middlewares/Third_Party/FreeRTOS/Source/portable/GCC/ARM_CM3/port.o
                0x00000000080018e4                vPortEnterCritical
 .text.vPortExitCritical
                0x0000000008001928       0x2c Middlewares/Third_Party/FreeRTOS/Source/portable/GCC/ARM_CM3/port.o
                0x0000000008001928                vPortExitCritical
 *fill*         0x0000000008001954        0xc 
 .text.PendSV_Handler
                0x0000000008001960       0x44 Middlewares/Third_Party/FreeRTOS/Source/portable/GCC/ARM_CM3/port.o
                0x0000000008001960                PendSV_Handler
 .text.xPortSysTickHandler
                0x00000000080019a4       0x2c Middlewares/Third_Party/FreeRTOS/Source/portable/GCC/ARM_CM3/port.o
                0x00000000080019a4                xPortSysTickHandler
 .text.vPortSetupTimerInterrupt
                0x00000000080019d0       0x2c Middlewares/Third_Party/FreeRTOS/Source/portable/GCC/ARM_CM3/port.o
                0x00000000080019d0                vPortSetupTimerInterrupt
 .text.xPortStartScheduler
                0x00000000080019fc       0x90 Middlewares/Third_Party/FreeRTOS/Source/portable/GCC/ARM_CM3/port.o
                0x00000000080019fc                xPortStartScheduler
 .text.prvHeapInit
                0x0000000008001a8c       0x54 Middlewares/Third_Party/FreeRTOS/Source/portable/MemMang/heap_4.o
 .text.prvInsertBlockIntoFreeList
                0x0000000008001ae0       0x58 Middlewares/Third_Party/FreeRTOS/Source/portable/MemMang/heap_4.o
 .text.pvPortMalloc
                0x0000000008001b38      0x10c Middlewares/Third_Party/FreeRTOS/Source/portable/MemMang/heap_4.o
                0x0000000008001b38                pvPortMalloc
 .text.vPortFree
                0x0000000008001c44       0x70 Middlewares/Third_Party/FreeRTOS/Source/portable/MemMang/heap_4.o
                0x0000000008001c44                vPortFree
 .text.MX_GPIO_Init
                0x0000000008001cb4       0xd0 Src/main.o
 .text.StartDefaultTask
                0x0000000008001d84        0xa Src/main.o
                0x0000000008001d84                StartDefaultTask
 *fill*         0x0000000008001d8e        0x2 
 .text.HAL_TIM_PeriodElapsedCallback
                0x0000000008001d90       0x18 Src/main.o
                0x0000000008001d90                HAL_TIM_PeriodElapsedCallback
 .text._Error_Handler
                0x0000000008001da8        0x2 Src/main.o
                0x0000000008001da8                _Error_Handler
 *fill*         0x0000000008001daa        0x2 
 .text.MX_USART1_UART_Init
                0x0000000008001dac       0x3c Src/main.o
 .text.SystemClock_Config
                0x0000000008001de8       0x74 Src/main.o
                0x0000000008001de8                SystemClock_Config
 .text.main     0x0000000008001e5c       0x74 Src/main.o
                0x0000000008001e5c                main
 .text.HAL_MspInit
                0x0000000008001ed0       0x90 Src/stm32f1xx_hal_msp.o
                0x0000000008001ed0                HAL_MspInit
 .text.HAL_UART_MspInit
                0x0000000008001f60       0x5c Src/stm32f1xx_hal_msp.o
                0x0000000008001f60                HAL_UART_MspInit
 .text.HAL_InitTick
                0x0000000008001fbc       0x78 Src/stm32f1xx_hal_timebase_TIM.o
                0x0000000008001fbc                HAL_InitTick
 .text.NMI_Handler
                0x0000000008002034        0x2 Src/stm32f1xx_it.o
                0x0000000008002034                NMI_Handler
 .text.HardFault_Handler
                0x0000000008002036        0x2 Src/stm32f1xx_it.o
                0x0000000008002036                HardFault_Handler
 .text.MemManage_Handler
                0x0000000008002038        0x2 Src/stm32f1xx_it.o
                0x0000000008002038                MemManage_Handler
 .text.BusFault_Handler
                0x000000000800203a        0x2 Src/stm32f1xx_it.o
                0x000000000800203a                BusFault_Handler
 .text.UsageFault_Handler
                0x000000000800203c        0x2 Src/stm32f1xx_it.o
                0x000000000800203c                UsageFault_Handler
 .text.DebugMon_Handler
                0x000000000800203e        0x2 Src/stm32f1xx_it.o
                0x000000000800203e                DebugMon_Handler
 .text.SysTick_Handler
                0x0000000008002040        0x8 Src/stm32f1xx_it.o
                0x0000000008002040                SysTick_Handler
 .text.TIM1_UP_IRQHandler
                0x0000000008002048       0x10 Src/stm32f1xx_it.o
                0x0000000008002048                TIM1_UP_IRQHandler
 .text.SystemInit
                0x0000000008002058       0x4c Src/system_stm32f1xx.o
                0x0000000008002058                SystemInit
 .text.task_led1
                0x00000000080020a4       0x30 Src/user.o
                0x00000000080020a4                task_led1
 .text.task_led2
                0x00000000080020d4       0x30 Src/user.o
                0x00000000080020d4                task_led2
 .text.Reset_Handler
                0x0000000008002104       0x48 startup/startup_stm32f103xe.o
                0x0000000008002104                Reset_Handler
 .text.Default_Handler
                0x000000000800214c        0x2 startup/startup_stm32f103xe.o
                0x000000000800214c                RTC_Alarm_IRQHandler
                0x000000000800214c                EXTI2_IRQHandler
                0x000000000800214c                TIM8_TRG_COM_IRQHandler
                0x000000000800214c                TIM8_CC_IRQHandler
                0x000000000800214c                TIM1_CC_IRQHandler
                0x000000000800214c                TIM6_IRQHandler
                0x000000000800214c                PVD_IRQHandler
                0x000000000800214c                SDIO_IRQHandler
                0x000000000800214c                EXTI3_IRQHandler
                0x000000000800214c                EXTI0_IRQHandler
                0x000000000800214c                I2C2_EV_IRQHandler
                0x000000000800214c                ADC1_2_IRQHandler
                0x000000000800214c                SPI1_IRQHandler
                0x000000000800214c                TAMPER_IRQHandler
                0x000000000800214c                TIM8_UP_IRQHandler
                0x000000000800214c                DMA2_Channel2_IRQHandler
                0x000000000800214c                DMA1_Channel4_IRQHandler
                0x000000000800214c                USART3_IRQHandler
                0x000000000800214c                RTC_IRQHandler
                0x000000000800214c                DMA1_Channel7_IRQHandler
                0x000000000800214c                CAN1_RX1_IRQHandler
                0x000000000800214c                UART5_IRQHandler
                0x000000000800214c                ADC3_IRQHandler
                0x000000000800214c                TIM4_IRQHandler
                0x000000000800214c                DMA2_Channel1_IRQHandler
                0x000000000800214c                I2C1_EV_IRQHandler
                0x000000000800214c                DMA1_Channel6_IRQHandler
                0x000000000800214c                UART4_IRQHandler
                0x000000000800214c                TIM3_IRQHandler
                0x000000000800214c                RCC_IRQHandler
                0x000000000800214c                TIM1_TRG_COM_IRQHandler
                0x000000000800214c                DMA1_Channel1_IRQHandler
                0x000000000800214c                Default_Handler
                0x000000000800214c                EXTI15_10_IRQHandler
                0x000000000800214c                TIM7_IRQHandler
                0x000000000800214c                TIM5_IRQHandler
                0x000000000800214c                EXTI9_5_IRQHandler
                0x000000000800214c                SPI2_IRQHandler
                0x000000000800214c                DMA1_Channel5_IRQHandler
                0x000000000800214c                EXTI4_IRQHandler
                0x000000000800214c                USB_LP_CAN1_RX0_IRQHandler
                0x000000000800214c                USB_HP_CAN1_TX_IRQHandler
                0x000000000800214c                DMA1_Channel3_IRQHandler
                0x000000000800214c                FSMC_IRQHandler
                0x000000000800214c                WWDG_IRQHandler
                0x000000000800214c                TIM2_IRQHandler
                0x000000000800214c                TIM1_BRK_IRQHandler
                0x000000000800214c                EXTI1_IRQHandler
                0x000000000800214c                DMA2_Channel4_5_IRQHandler
                0x000000000800214c                USART2_IRQHandler
                0x000000000800214c                I2C2_ER_IRQHandler
                0x000000000800214c                DMA1_Channel2_IRQHandler
                0x000000000800214c                TIM8_BRK_IRQHandler
                0x000000000800214c                CAN1_SCE_IRQHandler
                0x000000000800214c                FLASH_IRQHandler
                0x000000000800214c                USART1_IRQHandler
                0x000000000800214c                SPI3_IRQHandler
                0x000000000800214c                I2C1_ER_IRQHandler
                0x000000000800214c                USBWakeUp_IRQHandler
                0x000000000800214c                DMA2_Channel3_IRQHandler
 *fill*         0x000000000800214e        0x2 
 .text.__libc_init_array
                0x0000000008002150       0x48 /home/liguo/bin/Ac6/SystemWorkbench/plugins/fr.ac6.mcu.externaltools.arm-none.linux64_1.15.0.201708311556/tools/compiler/bin/../lib/gcc/arm-none-eabi/6.3.1/../../../../arm-none-eabi/lib/thumb/v7-m/libc_nano.a(lib_a-init.o)
                0x0000000008002150                __libc_init_array
 *(.glue_7)
 .glue_7        0x0000000008002198        0x0 linker stubs
 *(.glue_7t)
 .glue_7t       0x0000000008002198        0x0 linker stubs
 *(.eh_frame)
 .eh_frame      0x0000000008002198        0x0 /home/liguo/bin/Ac6/SystemWorkbench/plugins/fr.ac6.mcu.externaltools.arm-none.linux64_1.15.0.201708311556/tools/compiler/bin/../lib/gcc/arm-none-eabi/6.3.1/thumb/v7-m/crtbegin.o
 *(.init)
 .init          0x0000000008002198        0x4 /home/liguo/bin/Ac6/SystemWorkbench/plugins/fr.ac6.mcu.externaltools.arm-none.linux64_1.15.0.201708311556/tools/compiler/bin/../lib/gcc/arm-none-eabi/6.3.1/thumb/v7-m/crti.o
                0x0000000008002198                _init
 .init          0x000000000800219c        0x8 /home/liguo/bin/Ac6/SystemWorkbench/plugins/fr.ac6.mcu.externaltools.arm-none.linux64_1.15.0.201708311556/tools/compiler/bin/../lib/gcc/arm-none-eabi/6.3.1/thumb/v7-m/crtn.o
 *(.fini)
 .fini          0x00000000080021a4        0x4 /home/liguo/bin/Ac6/SystemWorkbench/plugins/fr.ac6.mcu.externaltools.arm-none.linux64_1.15.0.201708311556/tools/compiler/bin/../lib/gcc/arm-none-eabi/6.3.1/thumb/v7-m/crti.o
                0x00000000080021a4                _fini
 .fini          0x00000000080021a8        0x8 /home/liguo/bin/Ac6/SystemWorkbench/plugins/fr.ac6.mcu.externaltools.arm-none.linux64_1.15.0.201708311556/tools/compiler/bin/../lib/gcc/arm-none-eabi/6.3.1/thumb/v7-m/crtn.o
                0x00000000080021b0                . = ALIGN (0x4)
                0x00000000080021b0                _etext = .

.vfp11_veneer   0x00000000080021b0        0x0
 .vfp11_veneer  0x00000000080021b0        0x0 linker stubs

.v4_bx          0x00000000080021b0        0x0
 .v4_bx         0x00000000080021b0        0x0 linker stubs

.iplt           0x00000000080021b0        0x0
 .iplt          0x00000000080021b0        0x0 /home/liguo/bin/Ac6/SystemWorkbench/plugins/fr.ac6.mcu.externaltools.arm-none.linux64_1.15.0.201708311556/tools/compiler/bin/../lib/gcc/arm-none-eabi/6.3.1/thumb/v7-m/crtbegin.o

.rodata         0x00000000080021b0       0x74
                0x00000000080021b0                . = ALIGN (0x4)
 *(.rodata)
 .rodata        0x00000000080021b0       0x12 Drivers/STM32F1xx_HAL_Driver/Src/stm32f1xx_hal_rcc.o
 *fill*         0x00000000080021c2        0x2 
 .rodata        0x00000000080021c4       0x14 Src/main.o
 .rodata        0x00000000080021d8       0x18 Src/system_stm32f1xx.o
                0x00000000080021d8                AHBPrescTable
                0x00000000080021e8                APBPrescTable
 *(.rodata*)
 .rodata.str1.4
                0x00000000080021f0        0x5 Middlewares/Third_Party/FreeRTOS/Source/tasks.o
 *fill*         0x00000000080021f5        0x3 
 .rodata.str1.4
                0x00000000080021f8       0x2c Src/main.o
                0x0000000008002224                . = ALIGN (0x4)

.rel.dyn        0x0000000008002224        0x0
 .rel.iplt      0x0000000008002224        0x0 /home/liguo/bin/Ac6/SystemWorkbench/plugins/fr.ac6.mcu.externaltools.arm-none.linux64_1.15.0.201708311556/tools/compiler/bin/../lib/gcc/arm-none-eabi/6.3.1/thumb/v7-m/crtbegin.o

.ARM.extab
 *(.ARM.extab* .gnu.linkonce.armextab.*)

.ARM            0x0000000008002224        0x0
                0x0000000008002224                __exidx_start = .
 *(.ARM.exidx*)
                0x0000000008002224                __exidx_end = .

.preinit_array  0x0000000008002224        0x0
                0x0000000008002224                PROVIDE (__preinit_array_start, .)
 *(.preinit_array*)
                0x0000000008002224                PROVIDE (__preinit_array_end, .)

.init_array     0x0000000008002224        0x4
                0x0000000008002224                PROVIDE (__init_array_start, .)
 *(SORT(.init_array.*))
 *(.init_array*)
 .init_array    0x0000000008002224        0x4 /home/liguo/bin/Ac6/SystemWorkbench/plugins/fr.ac6.mcu.externaltools.arm-none.linux64_1.15.0.201708311556/tools/compiler/bin/../lib/gcc/arm-none-eabi/6.3.1/thumb/v7-m/crtbegin.o
                0x0000000008002228                PROVIDE (__init_array_end, .)

.fini_array     0x0000000008002228        0x4
                [!provide]                        PROVIDE (__fini_array_start, .)
 *(SORT(.fini_array.*))
 *(.fini_array*)
 .fini_array    0x0000000008002228        0x4 /home/liguo/bin/Ac6/SystemWorkbench/plugins/fr.ac6.mcu.externaltools.arm-none.linux64_1.15.0.201708311556/tools/compiler/bin/../lib/gcc/arm-none-eabi/6.3.1/thumb/v7-m/crtbegin.o
                [!provide]                        PROVIDE (__fini_array_end, .)
                0x000000000800222c                _sidata = LOADADDR (.data)

.data           0x0000000020000000       0x10 load address 0x000000000800222c
                0x0000000020000000                . = ALIGN (0x4)
                0x0000000020000000                _sdata = .
 *(.data)
 .data          0x0000000020000000        0x8 Drivers/STM32F1xx_HAL_Driver/Src/stm32f1xx_hal.o
                0x0000000020000000                uwTickFreq
                0x0000000020000004                uwTickPrio
 .data          0x0000000020000008        0x4 Middlewares/Third_Party/FreeRTOS/Source/portable/GCC/ARM_CM3/port.o
 .data          0x000000002000000c        0x4 Src/system_stm32f1xx.o
                0x000000002000000c                SystemCoreClock
 *(.data*)
                0x0000000020000010                . = ALIGN (0x4)
                0x0000000020000010                _edata = .

.jcr            0x0000000020000010        0x0 load address 0x000000000800223c
 .jcr           0x0000000020000010        0x0 /home/liguo/bin/Ac6/SystemWorkbench/plugins/fr.ac6.mcu.externaltools.arm-none.linux64_1.15.0.201708311556/tools/compiler/bin/../lib/gcc/arm-none-eabi/6.3.1/thumb/v7-m/crtbegin.o

.igot.plt       0x0000000020000010        0x0 load address 0x000000000800223c
 .igot.plt      0x0000000020000010        0x0 /home/liguo/bin/Ac6/SystemWorkbench/plugins/fr.ac6.mcu.externaltools.arm-none.linux64_1.15.0.201708311556/tools/compiler/bin/../lib/gcc/arm-none-eabi/6.3.1/thumb/v7-m/crtbegin.o
                0x0000000020000010                . = ALIGN (0x4)

.bss            0x0000000020000010      0xdf0 load address 0x000000000800223c
                0x0000000020000010                _sbss = .
                0x0000000020000010                __bss_start__ = _sbss
 *(.bss)
 .bss           0x0000000020000010       0x1c /home/liguo/bin/Ac6/SystemWorkbench/plugins/fr.ac6.mcu.externaltools.arm-none.linux64_1.15.0.201708311556/tools/compiler/bin/../lib/gcc/arm-none-eabi/6.3.1/thumb/v7-m/crtbegin.o
 .bss           0x000000002000002c      0x12c Middlewares/Third_Party/FreeRTOS/Source/tasks.o
                0x000000002000012c                pxCurrentTCB
 .bss           0x0000000020000158        0x8 Middlewares/Third_Party/FreeRTOS/Source/portable/GCC/ARM_CM3/port.o
 .bss           0x0000000020000160      0xc18 Middlewares/Third_Party/FreeRTOS/Source/portable/MemMang/heap_4.o
 *(.bss*)
 *(COMMON)
 COMMON         0x0000000020000d78        0x4 Drivers/STM32F1xx_HAL_Driver/Src/stm32f1xx_hal.o
                0x0000000020000d78                uwTick
 COMMON         0x0000000020000d7c       0x44 Src/main.o
                0x0000000020000d7c                defaultTaskHandle
                0x0000000020000d80                huart1
 COMMON         0x0000000020000dc0       0x40 Src/stm32f1xx_hal_timebase_TIM.o
                0x0000000020000dc0                htim1
                0x0000000020000e00                . = ALIGN (0x4)
                0x0000000020000e00                _ebss = .
                0x0000000020000e00                __bss_end__ = _ebss

._user_heap_stack
                0x0000000020000e00      0x600 load address 0x000000000800223c
                0x0000000020000e00                . = ALIGN (0x8)
                [!provide]                        PROVIDE (end, .)
                [!provide]                        PROVIDE (_end, .)
                0x0000000020001000                . = (. + _Min_Heap_Size)
 *fill*         0x0000000020000e00      0x200 
                0x0000000020001400                . = (. + _Min_Stack_Size)
 *fill*         0x0000000020001000      0x400 
                0x0000000020001400                . = ALIGN (0x8)

/DISCARD/
 libc.a(*)
 libm.a(*)
 libgcc.a(*)

.ARM.attributes
                0x0000000000000000       0x29
 *(.ARM.attributes)
 .ARM.attributes
                0x0000000000000000       0x1d /home/liguo/bin/Ac6/SystemWorkbench/plugins/fr.ac6.mcu.externaltools.arm-none.linux64_1.15.0.201708311556/tools/compiler/bin/../lib/gcc/arm-none-eabi/6.3.1/thumb/v7-m/crti.o
 .ARM.attributes
                0x000000000000001d       0x2d /home/liguo/bin/Ac6/SystemWorkbench/plugins/fr.ac6.mcu.externaltools.arm-none.linux64_1.15.0.201708311556/tools/compiler/bin/../lib/gcc/arm-none-eabi/6.3.1/thumb/v7-m/crtbegin.o
 .ARM.attributes
                0x000000000000004a       0x33 Drivers/STM32F1xx_HAL_Driver/Src/stm32f1xx_hal.o
 .ARM.attributes
                0x000000000000007d       0x33 Drivers/STM32F1xx_HAL_Driver/Src/stm32f1xx_hal_cortex.o
 .ARM.attributes
                0x00000000000000b0       0x33 Drivers/STM32F1xx_HAL_Driver/Src/stm32f1xx_hal_gpio.o
 .ARM.attributes
                0x00000000000000e3       0x33 Drivers/STM32F1xx_HAL_Driver/Src/stm32f1xx_hal_rcc.o
 .ARM.attributes
                0x0000000000000116       0x33 Drivers/STM32F1xx_HAL_Driver/Src/stm32f1xx_hal_tim.o
 .ARM.attributes
                0x0000000000000149       0x33 Drivers/STM32F1xx_HAL_Driver/Src/stm32f1xx_hal_tim_ex.o
 .ARM.attributes
                0x000000000000017c       0x33 Drivers/STM32F1xx_HAL_Driver/Src/stm32f1xx_hal_uart.o
 .ARM.attributes
                0x00000000000001af       0x33 Middlewares/Third_Party/FreeRTOS/Source/CMSIS_RTOS/cmsis_os.o
 .ARM.attributes
                0x00000000000001e2       0x33 Middlewares/Third_Party/FreeRTOS/Source/list.o
 .ARM.attributes
                0x0000000000000215       0x33 Middlewares/Third_Party/FreeRTOS/Source/tasks.o
 .ARM.attributes
                0x0000000000000248       0x33 Middlewares/Third_Party/FreeRTOS/Source/portable/GCC/ARM_CM3/port.o
 .ARM.attributes
                0x000000000000027b       0x33 Middlewares/Third_Party/FreeRTOS/Source/portable/MemMang/heap_4.o
 .ARM.attributes
                0x00000000000002ae       0x33 Src/main.o
 .ARM.attributes
                0x00000000000002e1       0x33 Src/stm32f1xx_hal_msp.o
 .ARM.attributes
                0x0000000000000314       0x33 Src/stm32f1xx_hal_timebase_TIM.o
 .ARM.attributes
                0x0000000000000347       0x33 Src/stm32f1xx_it.o
 .ARM.attributes
                0x000000000000037a       0x33 Src/system_stm32f1xx.o
 .ARM.attributes
                0x00000000000003ad       0x33 Src/user.o
 .ARM.attributes
                0x00000000000003e0       0x21 startup/startup_stm32f103xe.o
 .ARM.attributes
                0x0000000000000401       0x2d /home/liguo/bin/Ac6/SystemWorkbench/plugins/fr.ac6.mcu.externaltools.arm-none.linux64_1.15.0.201708311556/tools/compiler/bin/../lib/gcc/arm-none-eabi/6.3.1/../../../../arm-none-eabi/lib/thumb/v7-m/libc_nano.a(lib_a-init.o)
 .ARM.attributes
                0x000000000000042e       0x1d /home/liguo/bin/Ac6/SystemWorkbench/plugins/fr.ac6.mcu.externaltools.arm-none.linux64_1.15.0.201708311556/tools/compiler/bin/../lib/gcc/arm-none-eabi/6.3.1/thumb/v7-m/crtn.o
OUTPUT(stm32_first.elf elf32-littlearm)

.debug_info     0x0000000000000000    0x18299
 .debug_info    0x0000000000000000     0x1010 Drivers/STM32F1xx_HAL_Driver/Src/stm32f1xx_hal.o
 .debug_info    0x0000000000001010     0x14e1 Drivers/STM32F1xx_HAL_Driver/Src/stm32f1xx_hal_cortex.o
 .debug_info    0x00000000000024f1      0xe8b Drivers/STM32F1xx_HAL_Driver/Src/stm32f1xx_hal_gpio.o
 .debug_info    0x000000000000337c     0x11f3 Drivers/STM32F1xx_HAL_Driver/Src/stm32f1xx_hal_rcc.o
 .debug_info    0x000000000000456f     0x3655 Drivers/STM32F1xx_HAL_Driver/Src/stm32f1xx_hal_tim.o
 .debug_info    0x0000000000007bc4     0x1aa9 Drivers/STM32F1xx_HAL_Driver/Src/stm32f1xx_hal_tim_ex.o
 .debug_info    0x000000000000966d     0x1e7e Drivers/STM32F1xx_HAL_Driver/Src/stm32f1xx_hal_uart.o
 .debug_info    0x000000000000b4eb     0x2321 Middlewares/Third_Party/FreeRTOS/Source/CMSIS_RTOS/cmsis_os.o
 .debug_info    0x000000000000d80c      0xad4 Middlewares/Third_Party/FreeRTOS/Source/list.o
 .debug_info    0x000000000000e2e0     0x2922 Middlewares/Third_Party/FreeRTOS/Source/tasks.o
 .debug_info    0x0000000000010c02      0x4d2 Middlewares/Third_Party/FreeRTOS/Source/portable/GCC/ARM_CM3/port.o
 .debug_info    0x00000000000110d4      0xc78 Middlewares/Third_Party/FreeRTOS/Source/portable/MemMang/heap_4.o
 .debug_info    0x0000000000011d4c     0x19ab Src/main.o
 .debug_info    0x00000000000136f7     0x12d9 Src/stm32f1xx_hal_msp.o
 .debug_info    0x00000000000149d0     0x120b Src/stm32f1xx_hal_timebase_TIM.o
 .debug_info    0x0000000000015bdb      0xe86 Src/stm32f1xx_it.o
 .debug_info    0x0000000000016a61      0xc1b Src/system_stm32f1xx.o
 .debug_info    0x000000000001767c      0xba2 Src/user.o
 .debug_info    0x000000000001821e       0x7b startup/startup_stm32f103xe.o

.debug_abbrev   0x0000000000000000     0x32e3
 .debug_abbrev  0x0000000000000000      0x2f2 Drivers/STM32F1xx_HAL_Driver/Src/stm32f1xx_hal.o
 .debug_abbrev  0x00000000000002f2      0x3cb Drivers/STM32F1xx_HAL_Driver/Src/stm32f1xx_hal_cortex.o
 .debug_abbrev  0x00000000000006bd      0x2a5 Drivers/STM32F1xx_HAL_Driver/Src/stm32f1xx_hal_gpio.o
 .debug_abbrev  0x0000000000000962      0x333 Drivers/STM32F1xx_HAL_Driver/Src/stm32f1xx_hal_rcc.o
 .debug_abbrev  0x0000000000000c95      0x2eb Drivers/STM32F1xx_HAL_Driver/Src/stm32f1xx_hal_tim.o
 .debug_abbrev  0x0000000000000f80      0x2dc Drivers/STM32F1xx_HAL_Driver/Src/stm32f1xx_hal_tim_ex.o
 .debug_abbrev  0x000000000000125c      0x306 Drivers/STM32F1xx_HAL_Driver/Src/stm32f1xx_hal_uart.o
 .debug_abbrev  0x0000000000001562      0x3d0 Middlewares/Third_Party/FreeRTOS/Source/CMSIS_RTOS/cmsis_os.o
 .debug_abbrev  0x0000000000001932      0x21c Middlewares/Third_Party/FreeRTOS/Source/list.o
 .debug_abbrev  0x0000000000001b4e      0x3cd Middlewares/Third_Party/FreeRTOS/Source/tasks.o
 .debug_abbrev  0x0000000000001f1b      0x24e Middlewares/Third_Party/FreeRTOS/Source/portable/GCC/ARM_CM3/port.o
 .debug_abbrev  0x0000000000002169      0x318 Middlewares/Third_Party/FreeRTOS/Source/portable/MemMang/heap_4.o
 .debug_abbrev  0x0000000000002481      0x2df Src/main.o
 .debug_abbrev  0x0000000000002760      0x252 Src/stm32f1xx_hal_msp.o
 .debug_abbrev  0x00000000000029b2      0x295 Src/stm32f1xx_hal_timebase_TIM.o
 .debug_abbrev  0x0000000000002c47      0x21d Src/stm32f1xx_it.o
 .debug_abbrev  0x0000000000002e64      0x226 Src/system_stm32f1xx.o
 .debug_abbrev  0x000000000000308a      0x247 Src/user.o
 .debug_abbrev  0x00000000000032d1       0x12 startup/startup_stm32f103xe.o

.debug_loc      0x0000000000000000     0x9382
 .debug_loc     0x0000000000000000      0x108 Drivers/STM32F1xx_HAL_Driver/Src/stm32f1xx_hal.o
 .debug_loc     0x0000000000000108      0x5ad Drivers/STM32F1xx_HAL_Driver/Src/stm32f1xx_hal_cortex.o
 .debug_loc     0x00000000000006b5      0x40b Drivers/STM32F1xx_HAL_Driver/Src/stm32f1xx_hal_gpio.o
 .debug_loc     0x0000000000000ac0      0x4d1 Drivers/STM32F1xx_HAL_Driver/Src/stm32f1xx_hal_rcc.o
 .debug_loc     0x0000000000000f91     0x34c7 Drivers/STM32F1xx_HAL_Driver/Src/stm32f1xx_hal_tim.o
 .debug_loc     0x0000000000004458      0xf2e Drivers/STM32F1xx_HAL_Driver/Src/stm32f1xx_hal_tim_ex.o
 .debug_loc     0x0000000000005386     0x1515 Drivers/STM32F1xx_HAL_Driver/Src/stm32f1xx_hal_uart.o
 .debug_loc     0x000000000000689b      0xfe2 Middlewares/Third_Party/FreeRTOS/Source/CMSIS_RTOS/cmsis_os.o
 .debug_loc     0x000000000000787d       0x70 Middlewares/Third_Party/FreeRTOS/Source/list.o
 .debug_loc     0x00000000000078ed     0x14e6 Middlewares/Third_Party/FreeRTOS/Source/tasks.o
 .debug_loc     0x0000000000008dd3       0xce Middlewares/Third_Party/FreeRTOS/Source/portable/GCC/ARM_CM3/port.o
 .debug_loc     0x0000000000008ea1      0x291 Middlewares/Third_Party/FreeRTOS/Source/portable/MemMang/heap_4.o
 .debug_loc     0x0000000000009132       0x5b Src/main.o
 .debug_loc     0x000000000000918d       0x5b Src/stm32f1xx_hal_msp.o
 .debug_loc     0x00000000000091e8       0x79 Src/stm32f1xx_hal_timebase_TIM.o
 .debug_loc     0x0000000000009261       0xdf Src/system_stm32f1xx.o
 .debug_loc     0x0000000000009340       0x42 Src/user.o

.debug_aranges  0x0000000000000000      0xeb0
 .debug_aranges
                0x0000000000000000       0xd0 Drivers/STM32F1xx_HAL_Driver/Src/stm32f1xx_hal.o
 .debug_aranges
                0x00000000000000d0       0x90 Drivers/STM32F1xx_HAL_Driver/Src/stm32f1xx_hal_cortex.o
 .debug_aranges
                0x0000000000000160       0x58 Drivers/STM32F1xx_HAL_Driver/Src/stm32f1xx_hal_gpio.o
 .debug_aranges
                0x00000000000001b8       0x90 Drivers/STM32F1xx_HAL_Driver/Src/stm32f1xx_hal_rcc.o
 .debug_aranges
                0x0000000000000248      0x368 Drivers/STM32F1xx_HAL_Driver/Src/stm32f1xx_hal_tim.o
 .debug_aranges
                0x00000000000005b0      0x138 Drivers/STM32F1xx_HAL_Driver/Src/stm32f1xx_hal_tim_ex.o
 .debug_aranges
                0x00000000000006e8      0x1d0 Drivers/STM32F1xx_HAL_Driver/Src/stm32f1xx_hal_uart.o
 .debug_aranges
                0x00000000000008b8      0x1d8 Middlewares/Third_Party/FreeRTOS/Source/CMSIS_RTOS/cmsis_os.o
 .debug_aranges
                0x0000000000000a90       0x40 Middlewares/Third_Party/FreeRTOS/Source/list.o
 .debug_aranges
                0x0000000000000ad0      0x190 Middlewares/Third_Party/FreeRTOS/Source/tasks.o
 .debug_aranges
                0x0000000000000c60       0x78 Middlewares/Third_Party/FreeRTOS/Source/portable/GCC/ARM_CM3/port.o
 .debug_aranges
                0x0000000000000cd8       0x50 Middlewares/Third_Party/FreeRTOS/Source/portable/MemMang/heap_4.o
 .debug_aranges
                0x0000000000000d28       0x50 Src/main.o
 .debug_aranges
                0x0000000000000d78       0x30 Src/stm32f1xx_hal_msp.o
 .debug_aranges
                0x0000000000000da8       0x30 Src/stm32f1xx_hal_timebase_TIM.o
 .debug_aranges
                0x0000000000000dd8       0x58 Src/stm32f1xx_it.o
 .debug_aranges
                0x0000000000000e30       0x28 Src/system_stm32f1xx.o
 .debug_aranges
                0x0000000000000e58       0x30 Src/user.o
 .debug_aranges
                0x0000000000000e88       0x28 startup/startup_stm32f103xe.o

.debug_ranges   0x0000000000000000      0xe90
 .debug_ranges  0x0000000000000000       0xc0 Drivers/STM32F1xx_HAL_Driver/Src/stm32f1xx_hal.o
 .debug_ranges  0x00000000000000c0       0xe0 Drivers/STM32F1xx_HAL_Driver/Src/stm32f1xx_hal_cortex.o
 .debug_ranges  0x00000000000001a0       0x48 Drivers/STM32F1xx_HAL_Driver/Src/stm32f1xx_hal_gpio.o
 .debug_ranges  0x00000000000001e8       0xa0 Drivers/STM32F1xx_HAL_Driver/Src/stm32f1xx_hal_rcc.o
 .debug_ranges  0x0000000000000288      0x358 Drivers/STM32F1xx_HAL_Driver/Src/stm32f1xx_hal_tim.o
 .debug_ranges  0x00000000000005e0      0x128 Drivers/STM32F1xx_HAL_Driver/Src/stm32f1xx_hal_tim_ex.o
 .debug_ranges  0x0000000000000708      0x1c0 Drivers/STM32F1xx_HAL_Driver/Src/stm32f1xx_hal_uart.o
 .debug_ranges  0x00000000000008c8      0x1c8 Middlewares/Third_Party/FreeRTOS/Source/CMSIS_RTOS/cmsis_os.o
 .debug_ranges  0x0000000000000a90       0x30 Middlewares/Third_Party/FreeRTOS/Source/list.o
 .debug_ranges  0x0000000000000ac0      0x208 Middlewares/Third_Party/FreeRTOS/Source/tasks.o
 .debug_ranges  0x0000000000000cc8       0x68 Middlewares/Third_Party/FreeRTOS/Source/portable/GCC/ARM_CM3/port.o
 .debug_ranges  0x0000000000000d30       0x40 Middlewares/Third_Party/FreeRTOS/Source/portable/MemMang/heap_4.o
 .debug_ranges  0x0000000000000d70       0x40 Src/main.o
 .debug_ranges  0x0000000000000db0       0x20 Src/stm32f1xx_hal_msp.o
 .debug_ranges  0x0000000000000dd0       0x20 Src/stm32f1xx_hal_timebase_TIM.o
 .debug_ranges  0x0000000000000df0       0x48 Src/stm32f1xx_it.o
 .debug_ranges  0x0000000000000e38       0x18 Src/system_stm32f1xx.o
 .debug_ranges  0x0000000000000e50       0x20 Src/user.o
 .debug_ranges  0x0000000000000e70       0x20 startup/startup_stm32f103xe.o

.debug_macro    0x0000000000000000    0x18705
 .debug_macro   0x0000000000000000      0x30a Drivers/STM32F1xx_HAL_Driver/Src/stm32f1xx_hal.o
 .debug_macro   0x000000000000030a      0x8bc Drivers/STM32F1xx_HAL_Driver/Src/stm32f1xx_hal.o
 .debug_macro   0x0000000000000bc6       0x10 Drivers/STM32F1xx_HAL_Driver/Src/stm32f1xx_hal.o
 .debug_macro   0x0000000000000bd6      0x169 Drivers/STM32F1xx_HAL_Driver/Src/stm32f1xx_hal.o
 .debug_macro   0x0000000000000d3f       0x2e Drivers/STM32F1xx_HAL_Driver/Src/stm32f1xx_hal.o
 .debug_macro   0x0000000000000d6d       0x22 Drivers/STM32F1xx_HAL_Driver/Src/stm32f1xx_hal.o
 .debug_macro   0x0000000000000d8f       0x22 Drivers/STM32F1xx_HAL_Driver/Src/stm32f1xx_hal.o
 .debug_macro   0x0000000000000db1       0x87 Drivers/STM32F1xx_HAL_Driver/Src/stm32f1xx_hal.o
 .debug_macro   0x0000000000000e38       0x51 Drivers/STM32F1xx_HAL_Driver/Src/stm32f1xx_hal.o
 .debug_macro   0x0000000000000e89       0xef Drivers/STM32F1xx_HAL_Driver/Src/stm32f1xx_hal.o
 .debug_macro   0x0000000000000f78       0x6a Drivers/STM32F1xx_HAL_Driver/Src/stm32f1xx_hal.o
 .debug_macro   0x0000000000000fe2      0x1df Drivers/STM32F1xx_HAL_Driver/Src/stm32f1xx_hal.o
 .debug_macro   0x00000000000011c1       0x34 Drivers/STM32F1xx_HAL_Driver/Src/stm32f1xx_hal.o
 .debug_macro   0x00000000000011f5       0x34 Drivers/STM32F1xx_HAL_Driver/Src/stm32f1xx_hal.o
 .debug_macro   0x0000000000001229      0xb8e Drivers/STM32F1xx_HAL_Driver/Src/stm32f1xx_hal.o
 .debug_macro   0x0000000000001db7     0xfd7e Drivers/STM32F1xx_HAL_Driver/Src/stm32f1xx_hal.o
 .debug_macro   0x0000000000011b35       0x43 Drivers/STM32F1xx_HAL_Driver/Src/stm32f1xx_hal.o
 .debug_macro   0x0000000000011b78       0x58 Drivers/STM32F1xx_HAL_Driver/Src/stm32f1xx_hal.o
 .debug_macro   0x0000000000011bd0       0x35 Drivers/STM32F1xx_HAL_Driver/Src/stm32f1xx_hal.o
 .debug_macro   0x0000000000011c05       0x9c Drivers/STM32F1xx_HAL_Driver/Src/stm32f1xx_hal.o
 .debug_macro   0x0000000000011ca1       0x16 Drivers/STM32F1xx_HAL_Driver/Src/stm32f1xx_hal.o
 .debug_macro   0x0000000000011cb7       0x97 Drivers/STM32F1xx_HAL_Driver/Src/stm32f1xx_hal.o
 .debug_macro   0x0000000000011d4e      0x330 Drivers/STM32F1xx_HAL_Driver/Src/stm32f1xx_hal.o
 .debug_macro   0x000000000001207e       0xfd Drivers/STM32F1xx_HAL_Driver/Src/stm32f1xx_hal.o
 .debug_macro   0x000000000001217b       0x10 Drivers/STM32F1xx_HAL_Driver/Src/stm32f1xx_hal.o
 .debug_macro   0x000000000001218b       0x58 Drivers/STM32F1xx_HAL_Driver/Src/stm32f1xx_hal.o
 .debug_macro   0x00000000000121e3       0x1f Drivers/STM32F1xx_HAL_Driver/Src/stm32f1xx_hal.o
 .debug_macro   0x0000000000012202       0x43 Drivers/STM32F1xx_HAL_Driver/Src/stm32f1xx_hal.o
 .debug_macro   0x0000000000012245       0x20 Drivers/STM32F1xx_HAL_Driver/Src/stm32f1xx_hal.o
 .debug_macro   0x0000000000012265      0x187 Drivers/STM32F1xx_HAL_Driver/Src/stm32f1xx_hal.o
 .debug_macro   0x00000000000123ec       0x10 Drivers/STM32F1xx_HAL_Driver/Src/stm32f1xx_hal.o
 .debug_macro   0x00000000000123fc       0x1c Drivers/STM32F1xx_HAL_Driver/Src/stm32f1xx_hal.o
 .debug_macro   0x0000000000012418       0x52 Drivers/STM32F1xx_HAL_Driver/Src/stm32f1xx_hal.o
 .debug_macro   0x000000000001246a       0x40 Drivers/STM32F1xx_HAL_Driver/Src/stm32f1xx_hal.o
 .debug_macro   0x00000000000124aa       0x10 Drivers/STM32F1xx_HAL_Driver/Src/stm32f1xx_hal.o
 .debug_macro   0x00000000000124ba       0x40 Drivers/STM32F1xx_HAL_Driver/Src/stm32f1xx_hal.o
 .debug_macro   0x00000000000124fa       0xd7 Drivers/STM32F1xx_HAL_Driver/Src/stm32f1xx_hal.o
 .debug_macro   0x00000000000125d1       0x16 Drivers/STM32F1xx_HAL_Driver/Src/stm32f1xx_hal.o
 .debug_macro   0x00000000000125e7      0x18b Drivers/STM32F1xx_HAL_Driver/Src/stm32f1xx_hal.o
 .debug_macro   0x0000000000012772       0x50 Drivers/STM32F1xx_HAL_Driver/Src/stm32f1xx_hal.o
 .debug_macro   0x00000000000127c2      0x5c2 Drivers/STM32F1xx_HAL_Driver/Src/stm32f1xx_hal.o
 .debug_macro   0x0000000000012d84      0x4d6 Drivers/STM32F1xx_HAL_Driver/Src/stm32f1xx_hal.o
 .debug_macro   0x000000000001325a      0x1cb Drivers/STM32F1xx_HAL_Driver/Src/stm32f1xx_hal.o
 .debug_macro   0x0000000000013425      0x11e Drivers/STM32F1xx_HAL_Driver/Src/stm32f1xx_hal.o
 .debug_macro   0x0000000000013543      0x1eb Drivers/STM32F1xx_HAL_Driver/Src/stm32f1xx_hal.o
 .debug_macro   0x000000000001372e       0x27 Drivers/STM32F1xx_HAL_Driver/Src/stm32f1xx_hal.o
 .debug_macro   0x0000000000013755      0x1bc Drivers/STM32F1xx_HAL_Driver/Src/stm32f1xx_hal.o
 .debug_macro   0x0000000000013911       0x31 Drivers/STM32F1xx_HAL_Driver/Src/stm32f1xx_hal.o
 .debug_macro   0x0000000000013942       0x3c Drivers/STM32F1xx_HAL_Driver/Src/stm32f1xx_hal.o
 .debug_macro   0x000000000001397e       0x57 Drivers/STM32F1xx_HAL_Driver/Src/stm32f1xx_hal.o
 .debug_macro   0x00000000000139d5       0x8c Drivers/STM32F1xx_HAL_Driver/Src/stm32f1xx_hal.o
 .debug_macro   0x0000000000013a61      0x250 Drivers/STM32F1xx_HAL_Driver/Src/stm32f1xx_hal.o
 .debug_macro   0x0000000000013cb1      0x143 Drivers/STM32F1xx_HAL_Driver/Src/stm32f1xx_hal.o
 .debug_macro   0x0000000000013df4      0x84c Drivers/STM32F1xx_HAL_Driver/Src/stm32f1xx_hal.o
 .debug_macro   0x0000000000014640       0x1f Drivers/STM32F1xx_HAL_Driver/Src/stm32f1xx_hal.o
 .debug_macro   0x000000000001465f      0x26b Drivers/STM32F1xx_HAL_Driver/Src/stm32f1xx_hal.o
 .debug_macro   0x00000000000148ca       0xb9 Drivers/STM32F1xx_HAL_Driver/Src/stm32f1xx_hal.o
 .debug_macro   0x0000000000014983      0x2e6 Drivers/STM32F1xx_HAL_Driver/Src/stm32f1xx_hal_cortex.o
 .debug_macro   0x0000000000014c69      0x356 Drivers/STM32F1xx_HAL_Driver/Src/stm32f1xx_hal_gpio.o
 .debug_macro   0x0000000000014fbf      0x2f8 Drivers/STM32F1xx_HAL_Driver/Src/stm32f1xx_hal_rcc.o
 .debug_macro   0x00000000000152b7      0x2e6 Drivers/STM32F1xx_HAL_Driver/Src/stm32f1xx_hal_tim.o
 .debug_macro   0x000000000001559d      0x2e6 Drivers/STM32F1xx_HAL_Driver/Src/stm32f1xx_hal_tim_ex.o
 .debug_macro   0x0000000000015883      0x2e7 Drivers/STM32F1xx_HAL_Driver/Src/stm32f1xx_hal_uart.o
 .debug_macro   0x0000000000015b6a      0x1f3 Middlewares/Third_Party/FreeRTOS/Source/CMSIS_RTOS/cmsis_os.o
 .debug_macro   0x0000000000015d5d       0x52 Middlewares/Third_Party/FreeRTOS/Source/CMSIS_RTOS/cmsis_os.o
 .debug_macro   0x0000000000015daf       0x8d Middlewares/Third_Party/FreeRTOS/Source/CMSIS_RTOS/cmsis_os.o
 .debug_macro   0x0000000000015e3c      0x174 Middlewares/Third_Party/FreeRTOS/Source/CMSIS_RTOS/cmsis_os.o
 .debug_macro   0x0000000000015fb0       0x57 Middlewares/Third_Party/FreeRTOS/Source/CMSIS_RTOS/cmsis_os.o
 .debug_macro   0x0000000000016007       0x10 Middlewares/Third_Party/FreeRTOS/Source/CMSIS_RTOS/cmsis_os.o
 .debug_macro   0x0000000000016017       0x35 Middlewares/Third_Party/FreeRTOS/Source/CMSIS_RTOS/cmsis_os.o
 .debug_macro   0x000000000001604c       0xd2 Middlewares/Third_Party/FreeRTOS/Source/CMSIS_RTOS/cmsis_os.o
 .debug_macro   0x000000000001611e      0x168 Middlewares/Third_Party/FreeRTOS/Source/CMSIS_RTOS/cmsis_os.o
 .debug_macro   0x0000000000016286       0xe4 Middlewares/Third_Party/FreeRTOS/Source/CMSIS_RTOS/cmsis_os.o
 .debug_macro   0x000000000001636a       0x10 Middlewares/Third_Party/FreeRTOS/Source/CMSIS_RTOS/cmsis_os.o
 .debug_macro   0x000000000001637a       0x1f Middlewares/Third_Party/FreeRTOS/Source/CMSIS_RTOS/cmsis_os.o
 .debug_macro   0x0000000000016399      0x40f Middlewares/Third_Party/FreeRTOS/Source/CMSIS_RTOS/cmsis_os.o
 .debug_macro   0x00000000000167a8       0xc0 Middlewares/Third_Party/FreeRTOS/Source/CMSIS_RTOS/cmsis_os.o
 .debug_macro   0x0000000000016868       0x8c Middlewares/Third_Party/FreeRTOS/Source/CMSIS_RTOS/cmsis_os.o
 .debug_macro   0x00000000000168f4       0x91 Middlewares/Third_Party/FreeRTOS/Source/CMSIS_RTOS/cmsis_os.o
 .debug_macro   0x0000000000016985       0x94 Middlewares/Third_Party/FreeRTOS/Source/CMSIS_RTOS/cmsis_os.o
 .debug_macro   0x0000000000016a19       0x63 Middlewares/Third_Party/FreeRTOS/Source/CMSIS_RTOS/cmsis_os.o
 .debug_macro   0x0000000000016a7c       0x19 Middlewares/Third_Party/FreeRTOS/Source/CMSIS_RTOS/cmsis_os.o
 .debug_macro   0x0000000000016a95       0xcf Middlewares/Third_Party/FreeRTOS/Source/CMSIS_RTOS/cmsis_os.o
 .debug_macro   0x0000000000016b64       0x26 Middlewares/Third_Party/FreeRTOS/Source/CMSIS_RTOS/cmsis_os.o
 .debug_macro   0x0000000000016b8a      0x18b Middlewares/Third_Party/FreeRTOS/Source/list.o
 .debug_macro   0x0000000000016d15      0x26a Middlewares/Third_Party/FreeRTOS/Source/tasks.o
 .debug_macro   0x0000000000016f7f       0x11 Middlewares/Third_Party/FreeRTOS/Source/tasks.o
 .debug_macro   0x0000000000016f90      0x185 Middlewares/Third_Party/FreeRTOS/Source/portable/GCC/ARM_CM3/port.o
 .debug_macro   0x0000000000017115      0x1b2 Middlewares/Third_Party/FreeRTOS/Source/portable/MemMang/heap_4.o
 .debug_macro   0x00000000000172c7      0x3a8 Src/main.o
 .debug_macro   0x000000000001766f       0xd8 Src/main.o
 .debug_macro   0x0000000000017747      0x2e6 Src/stm32f1xx_hal_msp.o
 .debug_macro   0x0000000000017a2d      0x2e6 Src/stm32f1xx_hal_timebase_TIM.o
 .debug_macro   0x0000000000017d13      0x3a4 Src/stm32f1xx_it.o
 .debug_macro   0x00000000000180b7      0x2ec Src/system_stm32f1xx.o
 .debug_macro   0x00000000000183a3      0x362 Src/user.o

.debug_line     0x0000000000000000     0xbb16
 .debug_line    0x0000000000000000      0x90a Drivers/STM32F1xx_HAL_Driver/Src/stm32f1xx_hal.o
 .debug_line    0x000000000000090a      0x909 Drivers/STM32F1xx_HAL_Driver/Src/stm32f1xx_hal_cortex.o
 .debug_line    0x0000000000001213      0x921 Drivers/STM32F1xx_HAL_Driver/Src/stm32f1xx_hal_gpio.o
 .debug_line    0x0000000000001b34      0xa1d Drivers/STM32F1xx_HAL_Driver/Src/stm32f1xx_hal_rcc.o
 .debug_line    0x0000000000002551     0x1852 Drivers/STM32F1xx_HAL_Driver/Src/stm32f1xx_hal_tim.o
 .debug_line    0x0000000000003da3      0xcd7 Drivers/STM32F1xx_HAL_Driver/Src/stm32f1xx_hal_tim_ex.o
 .debug_line    0x0000000000004a7a     0x103b Drivers/STM32F1xx_HAL_Driver/Src/stm32f1xx_hal_uart.o
 .debug_line    0x0000000000005ab5      0xc0d Middlewares/Third_Party/FreeRTOS/Source/CMSIS_RTOS/cmsis_os.o
 .debug_line    0x00000000000066c2      0x5be Middlewares/Third_Party/FreeRTOS/Source/list.o
 .debug_line    0x0000000000006c80      0xe2b Middlewares/Third_Party/FreeRTOS/Source/tasks.o
 .debug_line    0x0000000000007aab      0x613 Middlewares/Third_Party/FreeRTOS/Source/portable/GCC/ARM_CM3/port.o
 .debug_line    0x00000000000080be      0x670 Middlewares/Third_Party/FreeRTOS/Source/portable/MemMang/heap_4.o
 .debug_line    0x000000000000872e      0x9f9 Src/main.o
 .debug_line    0x0000000000009127      0x78c Src/stm32f1xx_hal_msp.o
 .debug_line    0x00000000000098b3      0x78a Src/stm32f1xx_hal_timebase_TIM.o
 .debug_line    0x000000000000a03d      0x9d1 Src/stm32f1xx_it.o
 .debug_line    0x000000000000aa0e      0x78e Src/system_stm32f1xx.o
 .debug_line    0x000000000000b19c      0x8fd Src/user.o
 .debug_line    0x000000000000ba99       0x7d startup/startup_stm32f103xe.o

.debug_str      0x0000000000000000    0x835c8
 .debug_str     0x0000000000000000    0x793f9 Drivers/STM32F1xx_HAL_Driver/Src/stm32f1xx_hal.o
                                      0x7989d (size before relaxing)
 .debug_str     0x00000000000793f9      0x2d8 Drivers/STM32F1xx_HAL_Driver/Src/stm32f1xx_hal_cortex.o
                                      0x797f2 (size before relaxing)
 .debug_str     0x00000000000796d1      0x3a9 Drivers/STM32F1xx_HAL_Driver/Src/stm32f1xx_hal_gpio.o
                                      0x79455 (size before relaxing)
 .debug_str     0x0000000000079a7a      0x368 Drivers/STM32F1xx_HAL_Driver/Src/stm32f1xx_hal_rcc.o
                                      0x794aa (size before relaxing)
 .debug_str     0x0000000000079de2     0x10e3 Drivers/STM32F1xx_HAL_Driver/Src/stm32f1xx_hal_tim.o
                                      0x7a1aa (size before relaxing)
 .debug_str     0x000000000007aec5      0x4f1 Drivers/STM32F1xx_HAL_Driver/Src/stm32f1xx_hal_tim_ex.o
                                      0x79a4c (size before relaxing)
 .debug_str     0x000000000007b3b6      0x6e7 Drivers/STM32F1xx_HAL_Driver/Src/stm32f1xx_hal_uart.o
                                      0x799c3 (size before relaxing)
 .debug_str     0x000000000007ba9d     0x5d04 Middlewares/Third_Party/FreeRTOS/Source/CMSIS_RTOS/cmsis_os.o
                                       0xc2f0 (size before relaxing)
 .debug_str     0x00000000000817a1      0x234 Middlewares/Third_Party/FreeRTOS/Source/list.o
                                       0x958d (size before relaxing)
 .debug_str     0x00000000000819d5     0x10b7 Middlewares/Third_Party/FreeRTOS/Source/tasks.o
                                       0xb613 (size before relaxing)
 .debug_str     0x0000000000082a8c      0x666 Middlewares/Third_Party/FreeRTOS/Source/portable/GCC/ARM_CM3/port.o
                                       0x74ca (size before relaxing)
 .debug_str     0x00000000000830f2      0x243 Middlewares/Third_Party/FreeRTOS/Source/portable/MemMang/heap_4.o
                                       0x9ccd (size before relaxing)
 .debug_str     0x0000000000083335       0xe6 Src/main.o
                                      0x7efdc (size before relaxing)
 .debug_str     0x000000000008341b       0x1b Src/stm32f1xx_hal_msp.o
                                      0x7988b (size before relaxing)
 .debug_str     0x0000000000083436       0x61 Src/stm32f1xx_hal_timebase_TIM.o
                                      0x79953 (size before relaxing)
 .debug_str     0x0000000000083497       0x9d Src/stm32f1xx_it.o
                                      0x7e695 (size before relaxing)
 .debug_str     0x0000000000083534       0x69 Src/system_stm32f1xx.o
                                      0x79100 (size before relaxing)
 .debug_str     0x000000000008359d       0x2b Src/user.o
                                      0x7cdc3 (size before relaxing)

.comment        0x0000000000000000       0x7f
 .comment       0x0000000000000000       0x7f Drivers/STM32F1xx_HAL_Driver/Src/stm32f1xx_hal.o
                                         0x80 (size before relaxing)
 .comment       0x000000000000007f       0x80 Drivers/STM32F1xx_HAL_Driver/Src/stm32f1xx_hal_cortex.o
 .comment       0x000000000000007f       0x80 Drivers/STM32F1xx_HAL_Driver/Src/stm32f1xx_hal_gpio.o
 .comment       0x000000000000007f       0x80 Drivers/STM32F1xx_HAL_Driver/Src/stm32f1xx_hal_rcc.o
 .comment       0x000000000000007f       0x80 Drivers/STM32F1xx_HAL_Driver/Src/stm32f1xx_hal_tim.o
 .comment       0x000000000000007f       0x80 Drivers/STM32F1xx_HAL_Driver/Src/stm32f1xx_hal_tim_ex.o
 .comment       0x000000000000007f       0x80 Drivers/STM32F1xx_HAL_Driver/Src/stm32f1xx_hal_uart.o
 .comment       0x000000000000007f       0x80 Middlewares/Third_Party/FreeRTOS/Source/CMSIS_RTOS/cmsis_os.o
 .comment       0x000000000000007f       0x80 Middlewares/Third_Party/FreeRTOS/Source/list.o
 .comment       0x000000000000007f       0x80 Middlewares/Third_Party/FreeRTOS/Source/tasks.o
 .comment       0x000000000000007f       0x80 Middlewares/Third_Party/FreeRTOS/Source/portable/GCC/ARM_CM3/port.o
 .comment       0x000000000000007f       0x80 Middlewares/Third_Party/FreeRTOS/Source/portable/MemMang/heap_4.o
 .comment       0x000000000000007f       0x80 Src/main.o
 .comment       0x000000000000007f       0x80 Src/stm32f1xx_hal_msp.o
 .comment       0x000000000000007f       0x80 Src/stm32f1xx_hal_timebase_TIM.o
 .comment       0x000000000000007f       0x80 Src/stm32f1xx_it.o
 .comment       0x000000000000007f       0x80 Src/system_stm32f1xx.o
 .comment       0x000000000000007f       0x80 Src/user.o

.debug_frame    0x0000000000000000     0x26a4
 .debug_frame   0x0000000000000000      0x1ac Drivers/STM32F1xx_HAL_Driver/Src/stm32f1xx_hal.o
 .debug_frame   0x00000000000001ac      0x12c Drivers/STM32F1xx_HAL_Driver/Src/stm32f1xx_hal_cortex.o
 .debug_frame   0x00000000000002d8       0xe4 Drivers/STM32F1xx_HAL_Driver/Src/stm32f1xx_hal_gpio.o
 .debug_frame   0x00000000000003bc      0x170 Drivers/STM32F1xx_HAL_Driver/Src/stm32f1xx_hal_rcc.o
 .debug_frame   0x000000000000052c      0x9e0 Drivers/STM32F1xx_HAL_Driver/Src/stm32f1xx_hal_tim.o
 .debug_frame   0x0000000000000f0c      0x374 Drivers/STM32F1xx_HAL_Driver/Src/stm32f1xx_hal_tim_ex.o
 .debug_frame   0x0000000000001280      0x4e8 Drivers/STM32F1xx_HAL_Driver/Src/stm32f1xx_hal_uart.o
 .debug_frame   0x0000000000001768      0x584 Middlewares/Third_Party/FreeRTOS/Source/CMSIS_RTOS/cmsis_os.o
 .debug_frame   0x0000000000001cec       0x6c Middlewares/Third_Party/FreeRTOS/Source/list.o
 .debug_frame   0x0000000000001d58      0x4e8 Middlewares/Third_Party/FreeRTOS/Source/tasks.o
 .debug_frame   0x0000000000002240       0xe0 Middlewares/Third_Party/FreeRTOS/Source/portable/GCC/ARM_CM3/port.o
 .debug_frame   0x0000000000002320       0xac Middlewares/Third_Party/FreeRTOS/Source/portable/MemMang/heap_4.o
 .debug_frame   0x00000000000023cc       0xd0 Src/main.o
 .debug_frame   0x000000000000249c       0x64 Src/stm32f1xx_hal_msp.o
 .debug_frame   0x0000000000002500       0x50 Src/stm32f1xx_hal_timebase_TIM.o
 .debug_frame   0x0000000000002550       0xa0 Src/stm32f1xx_it.o
 .debug_frame   0x00000000000025f0       0x30 Src/system_stm32f1xx.o
 .debug_frame   0x0000000000002620       0x58 Src/user.o
 .debug_frame   0x0000000000002678       0x2c /home/liguo/bin/Ac6/SystemWorkbench/plugins/fr.ac6.mcu.externaltools.arm-none.linux64_1.15.0.201708311556/tools/compiler/bin/../lib/gcc/arm-none-eabi/6.3.1/../../../../arm-none-eabi/lib/thumb/v7-m/libc_nano.a(lib_a-init.o)
