10:24:14 **** Incremental Build of configuration Debug for project stm32_first ****
make all 
Building file: ../Src/freertos.c
Invoking: MCU GCC Compiler
/home/liguo/project/cloudHand/stm32/stm32_first/Debug
arm-none-eabi-gcc -mcpu=cortex-m3 -mthumb -mfloat-abi=soft '-D__weak=__attribute__((weak))' '-D__packed="__attribute__((__packed__))"' -DUSE_HAL_DRIVER -DSTM32F103xE -I"/home/liguo/project/cloudHand/stm32/stm32_first/Inc" -I"/home/liguo/project/cloudHand/stm32/stm32_first/Drivers/STM32F1xx_HAL_Driver/Inc" -I"/home/liguo/project/cloudHand/stm32/stm32_first/Drivers/STM32F1xx_HAL_Driver/Inc/Legacy" -I"/home/liguo/project/cloudHand/stm32/stm32_first/Drivers/CMSIS/Device/ST/STM32F1xx/Include" -I"/home/liguo/project/cloudHand/stm32/stm32_first/Drivers/CMSIS/Include" -I"/home/liguo/project/cloudHand/stm32/stm32_first/Middlewares/Third_Party/FreeRTOS/Source/portable/GCC/ARM_CM3" -I"/home/liguo/project/cloudHand/stm32/stm32_first/Middlewares/Third_Party/FreeRTOS/Source/include" -I"/home/liguo/project/cloudHand/stm32/stm32_first/Middlewares/Third_Party/FreeRTOS/Source/CMSIS_RTOS"  -Og -g3 -Wall -fmessage-length=0 -ffunction-sections -c -fmessage-length=0 -MMD -MP -MF"Src/freertos.d" -MT"Src/freertos.o" -o "Src/freertos.o" "../Src/freertos.c"
Finished building: ../Src/freertos.c
 
Building file: ../Src/main.c
Invoking: MCU GCC Compiler
/home/liguo/project/cloudHand/stm32/stm32_first/Debug
arm-none-eabi-gcc -mcpu=cortex-m3 -mthumb -mfloat-abi=soft '-D__weak=__attribute__((weak))' '-D__packed="__attribute__((__packed__))"' -DUSE_HAL_DRIVER -DSTM32F103xE -I"/home/liguo/project/cloudHand/stm32/stm32_first/Inc" -I"/home/liguo/project/cloudHand/stm32/stm32_first/Drivers/STM32F1xx_HAL_Driver/Inc" -I"/home/liguo/project/cloudHand/stm32/stm32_first/Drivers/STM32F1xx_HAL_Driver/Inc/Legacy" -I"/home/liguo/project/cloudHand/stm32/stm32_first/Drivers/CMSIS/Device/ST/STM32F1xx/Include" -I"/home/liguo/project/cloudHand/stm32/stm32_first/Drivers/CMSIS/Include" -I"/home/liguo/project/cloudHand/stm32/stm32_first/Middlewares/Third_Party/FreeRTOS/Source/portable/GCC/ARM_CM3" -I"/home/liguo/project/cloudHand/stm32/stm32_first/Middlewares/Third_Party/FreeRTOS/Source/include" -I"/home/liguo/project/cloudHand/stm32/stm32_first/Middlewares/Third_Party/FreeRTOS/Source/CMSIS_RTOS"  -Og -g3 -Wall -fmessage-length=0 -ffunction-sections -c -fmessage-length=0 -MMD -MP -MF"Src/main.d" -MT"Src/main.o" -o "Src/main.o" "../Src/main.c"
../Src/main.c: In function 'main':
../Src/main.c:137:3: warning: 'pvParameters_user' is used uninitialized in this function [-Wuninitialized]
   xTaskCreate(task_led1, "task1", 500, pvParameters_user, 1, NULL);
   ^~~~~~~~~~~~~~~~~~~~~~~~~~~~~~~~~~~~~~~~~~~~~~~~~~~~~~~~~~~~~~~~
Finished building: ../Src/main.c
 
Building file: ../Src/stm32f1xx_hal_msp.c
Invoking: MCU GCC Compiler
/home/liguo/project/cloudHand/stm32/stm32_first/Debug
arm-none-eabi-gcc -mcpu=cortex-m3 -mthumb -mfloat-abi=soft '-D__weak=__attribute__((weak))' '-D__packed="__attribute__((__packed__))"' -DUSE_HAL_DRIVER -DSTM32F103xE -I"/home/liguo/project/cloudHand/stm32/stm32_first/Inc" -I"/home/liguo/project/cloudHand/stm32/stm32_first/Drivers/STM32F1xx_HAL_Driver/Inc" -I"/home/liguo/project/cloudHand/stm32/stm32_first/Drivers/STM32F1xx_HAL_Driver/Inc/Legacy" -I"/home/liguo/project/cloudHand/stm32/stm32_first/Drivers/CMSIS/Device/ST/STM32F1xx/Include" -I"/home/liguo/project/cloudHand/stm32/stm32_first/Drivers/CMSIS/Include" -I"/home/liguo/project/cloudHand/stm32/stm32_first/Middlewares/Third_Party/FreeRTOS/Source/portable/GCC/ARM_CM3" -I"/home/liguo/project/cloudHand/stm32/stm32_first/Middlewares/Third_Party/FreeRTOS/Source/include" -I"/home/liguo/project/cloudHand/stm32/stm32_first/Middlewares/Third_Party/FreeRTOS/Source/CMSIS_RTOS"  -Og -g3 -Wall -fmessage-length=0 -ffunction-sections -c -fmessage-length=0 -MMD -MP -MF"Src/stm32f1xx_hal_msp.d" -MT"Src/stm32f1xx_hal_msp.o" -o "Src/stm32f1xx_hal_msp.o" "../Src/stm32f1xx_hal_msp.c"
Finished building: ../Src/stm32f1xx_hal_msp.c
 
Building file: ../Src/stm32f1xx_hal_timebase_TIM.c
Invoking: MCU GCC Compiler
/home/liguo/project/cloudHand/stm32/stm32_first/Debug
arm-none-eabi-gcc -mcpu=cortex-m3 -mthumb -mfloat-abi=soft '-D__weak=__attribute__((weak))' '-D__packed="__attribute__((__packed__))"' -DUSE_HAL_DRIVER -DSTM32F103xE -I"/home/liguo/project/cloudHand/stm32/stm32_first/Inc" -I"/home/liguo/project/cloudHand/stm32/stm32_first/Drivers/STM32F1xx_HAL_Driver/Inc" -I"/home/liguo/project/cloudHand/stm32/stm32_first/Drivers/STM32F1xx_HAL_Driver/Inc/Legacy" -I"/home/liguo/project/cloudHand/stm32/stm32_first/Drivers/CMSIS/Device/ST/STM32F1xx/Include" -I"/home/liguo/project/cloudHand/stm32/stm32_first/Drivers/CMSIS/Include" -I"/home/liguo/project/cloudHand/stm32/stm32_first/Middlewares/Third_Party/FreeRTOS/Source/portable/GCC/ARM_CM3" -I"/home/liguo/project/cloudHand/stm32/stm32_first/Middlewares/Third_Party/FreeRTOS/Source/include" -I"/home/liguo/project/cloudHand/stm32/stm32_first/Middlewares/Third_Party/FreeRTOS/Source/CMSIS_RTOS"  -Og -g3 -Wall -fmessage-length=0 -ffunction-sections -c -fmessage-length=0 -MMD -MP -MF"Src/stm32f1xx_hal_timebase_TIM.d" -MT"Src/stm32f1xx_hal_timebase_TIM.o" -o "Src/stm32f1xx_hal_timebase_TIM.o" "../Src/stm32f1xx_hal_timebase_TIM.c"
Finished building: ../Src/stm32f1xx_hal_timebase_TIM.c
 
Building file: ../Src/stm32f1xx_it.c
Invoking: MCU GCC Compiler
/home/liguo/project/cloudHand/stm32/stm32_first/Debug
arm-none-eabi-gcc -mcpu=cortex-m3 -mthumb -mfloat-abi=soft '-D__weak=__attribute__((weak))' '-D__packed="__attribute__((__packed__))"' -DUSE_HAL_DRIVER -DSTM32F103xE -I"/home/liguo/project/cloudHand/stm32/stm32_first/Inc" -I"/home/liguo/project/cloudHand/stm32/stm32_first/Drivers/STM32F1xx_HAL_Driver/Inc" -I"/home/liguo/project/cloudHand/stm32/stm32_first/Drivers/STM32F1xx_HAL_Driver/Inc/Legacy" -I"/home/liguo/project/cloudHand/stm32/stm32_first/Drivers/CMSIS/Device/ST/STM32F1xx/Include" -I"/home/liguo/project/cloudHand/stm32/stm32_first/Drivers/CMSIS/Include" -I"/home/liguo/project/cloudHand/stm32/stm32_first/Middlewares/Third_Party/FreeRTOS/Source/portable/GCC/ARM_CM3" -I"/home/liguo/project/cloudHand/stm32/stm32_first/Middlewares/Third_Party/FreeRTOS/Source/include" -I"/home/liguo/project/cloudHand/stm32/stm32_first/Middlewares/Third_Party/FreeRTOS/Source/CMSIS_RTOS"  -Og -g3 -Wall -fmessage-length=0 -ffunction-sections -c -fmessage-length=0 -MMD -MP -MF"Src/stm32f1xx_it.d" -MT"Src/stm32f1xx_it.o" -o "Src/stm32f1xx_it.o" "../Src/stm32f1xx_it.c"
Finished building: ../Src/stm32f1xx_it.c
 
Building file: ../Src/system_stm32f1xx.c
Invoking: MCU GCC Compiler
/home/liguo/project/cloudHand/stm32/stm32_first/Debug
arm-none-eabi-gcc -mcpu=cortex-m3 -mthumb -mfloat-abi=soft '-D__weak=__attribute__((weak))' '-D__packed="__attribute__((__packed__))"' -DUSE_HAL_DRIVER -DSTM32F103xE -I"/home/liguo/project/cloudHand/stm32/stm32_first/Inc" -I"/home/liguo/project/cloudHand/stm32/stm32_first/Drivers/STM32F1xx_HAL_Driver/Inc" -I"/home/liguo/project/cloudHand/stm32/stm32_first/Drivers/STM32F1xx_HAL_Driver/Inc/Legacy" -I"/home/liguo/project/cloudHand/stm32/stm32_first/Drivers/CMSIS/Device/ST/STM32F1xx/Include" -I"/home/liguo/project/cloudHand/stm32/stm32_first/Drivers/CMSIS/Include" -I"/home/liguo/project/cloudHand/stm32/stm32_first/Middlewares/Third_Party/FreeRTOS/Source/portable/GCC/ARM_CM3" -I"/home/liguo/project/cloudHand/stm32/stm32_first/Middlewares/Third_Party/FreeRTOS/Source/include" -I"/home/liguo/project/cloudHand/stm32/stm32_first/Middlewares/Third_Party/FreeRTOS/Source/CMSIS_RTOS"  -Og -g3 -Wall -fmessage-length=0 -ffunction-sections -c -fmessage-length=0 -MMD -MP -MF"Src/system_stm32f1xx.d" -MT"Src/system_stm32f1xx.o" -o "Src/system_stm32f1xx.o" "../Src/system_stm32f1xx.c"
Finished building: ../Src/system_stm32f1xx.c
 
Building file: ../Src/user.c
Invoking: MCU GCC Compiler
/home/liguo/project/cloudHand/stm32/stm32_first/Debug
arm-none-eabi-gcc -mcpu=cortex-m3 -mthumb -mfloat-abi=soft '-D__weak=__attribute__((weak))' '-D__packed="__attribute__((__packed__))"' -DUSE_HAL_DRIVER -DSTM32F103xE -I"/home/liguo/project/cloudHand/stm32/stm32_first/Inc" -I"/home/liguo/project/cloudHand/stm32/stm32_first/Drivers/STM32F1xx_HAL_Driver/Inc" -I"/home/liguo/project/cloudHand/stm32/stm32_first/Drivers/STM32F1xx_HAL_Driver/Inc/Legacy" -I"/home/liguo/project/cloudHand/stm32/stm32_first/Drivers/CMSIS/Device/ST/STM32F1xx/Include" -I"/home/liguo/project/cloudHand/stm32/stm32_first/Drivers/CMSIS/Include" -I"/home/liguo/project/cloudHand/stm32/stm32_first/Middlewares/Third_Party/FreeRTOS/Source/portable/GCC/ARM_CM3" -I"/home/liguo/project/cloudHand/stm32/stm32_first/Middlewares/Third_Party/FreeRTOS/Source/include" -I"/home/liguo/project/cloudHand/stm32/stm32_first/Middlewares/Third_Party/FreeRTOS/Source/CMSIS_RTOS"  -Og -g3 -Wall -fmessage-length=0 -ffunction-sections -c -fmessage-length=0 -MMD -MP -MF"Src/user.d" -MT"Src/user.o" -o "Src/user.o" "../Src/user.c"
Finished building: ../Src/user.c
 
Building file: ../Middlewares/Third_Party/FreeRTOS/Source/portable/MemMang/heap_4.c
Invoking: MCU GCC Compiler
/home/liguo/project/cloudHand/stm32/stm32_first/Debug
arm-none-eabi-gcc -mcpu=cortex-m3 -mthumb -mfloat-abi=soft '-D__weak=__attribute__((weak))' '-D__packed="__attribute__((__packed__))"' -DUSE_HAL_DRIVER -DSTM32F103xE -I"/home/liguo/project/cloudHand/stm32/stm32_first/Inc" -I"/home/liguo/project/cloudHand/stm32/stm32_first/Drivers/STM32F1xx_HAL_Driver/Inc" -I"/home/liguo/project/cloudHand/stm32/stm32_first/Drivers/STM32F1xx_HAL_Driver/Inc/Legacy" -I"/home/liguo/project/cloudHand/stm32/stm32_first/Drivers/CMSIS/Device/ST/STM32F1xx/Include" -I"/home/liguo/project/cloudHand/stm32/stm32_first/Drivers/CMSIS/Include" -I"/home/liguo/project/cloudHand/stm32/stm32_first/Middlewares/Third_Party/FreeRTOS/Source/portable/GCC/ARM_CM3" -I"/home/liguo/project/cloudHand/stm32/stm32_first/Middlewares/Third_Party/FreeRTOS/Source/include" -I"/home/liguo/project/cloudHand/stm32/stm32_first/Middlewares/Third_Party/FreeRTOS/Source/CMSIS_RTOS"  -Og -g3 -Wall -fmessage-length=0 -ffunction-sections -c -fmessage-length=0 -MMD -MP -MF"Middlewares/Third_Party/FreeRTOS/Source/portable/MemMang/heap_4.d" -MT"Middlewares/Third_Party/FreeRTOS/Source/portable/MemMang/heap_4.o" -o "Middlewares/Third_Party/FreeRTOS/Source/portable/MemMang/heap_4.o" "../Middlewares/Third_Party/FreeRTOS/Source/portable/MemMang/heap_4.c"
Finished building: ../Middlewares/Third_Party/FreeRTOS/Source/portable/MemMang/heap_4.c
 
Building file: ../Middlewares/Third_Party/FreeRTOS/Source/portable/GCC/ARM_CM3/port.c
Invoking: MCU GCC Compiler
/home/liguo/project/cloudHand/stm32/stm32_first/Debug
arm-none-eabi-gcc -mcpu=cortex-m3 -mthumb -mfloat-abi=soft '-D__weak=__attribute__((weak))' '-D__packed="__attribute__((__packed__))"' -DUSE_HAL_DRIVER -DSTM32F103xE -I"/home/liguo/project/cloudHand/stm32/stm32_first/Inc" -I"/home/liguo/project/cloudHand/stm32/stm32_first/Drivers/STM32F1xx_HAL_Driver/Inc" -I"/home/liguo/project/cloudHand/stm32/stm32_first/Drivers/STM32F1xx_HAL_Driver/Inc/Legacy" -I"/home/liguo/project/cloudHand/stm32/stm32_first/Drivers/CMSIS/Device/ST/STM32F1xx/Include" -I"/home/liguo/project/cloudHand/stm32/stm32_first/Drivers/CMSIS/Include" -I"/home/liguo/project/cloudHand/stm32/stm32_first/Middlewares/Third_Party/FreeRTOS/Source/portable/GCC/ARM_CM3" -I"/home/liguo/project/cloudHand/stm32/stm32_first/Middlewares/Third_Party/FreeRTOS/Source/include" -I"/home/liguo/project/cloudHand/stm32/stm32_first/Middlewares/Third_Party/FreeRTOS/Source/CMSIS_RTOS"  -Og -g3 -Wall -fmessage-length=0 -ffunction-sections -c -fmessage-length=0 -MMD -MP -MF"Middlewares/Third_Party/FreeRTOS/Source/portable/GCC/ARM_CM3/port.d" -MT"Middlewares/Third_Party/FreeRTOS/Source/portable/GCC/ARM_CM3/port.o" -o "Middlewares/Third_Party/FreeRTOS/Source/portable/GCC/ARM_CM3/port.o" "../Middlewares/Third_Party/FreeRTOS/Source/portable/GCC/ARM_CM3/port.c"
Finished building: ../Middlewares/Third_Party/FreeRTOS/Source/portable/GCC/ARM_CM3/port.c
 
Building file: ../Middlewares/Third_Party/FreeRTOS/Source/CMSIS_RTOS/cmsis_os.c
Invoking: MCU GCC Compiler
/home/liguo/project/cloudHand/stm32/stm32_first/Debug
arm-none-eabi-gcc -mcpu=cortex-m3 -mthumb -mfloat-abi=soft '-D__weak=__attribute__((weak))' '-D__packed="__attribute__((__packed__))"' -DUSE_HAL_DRIVER -DSTM32F103xE -I"/home/liguo/project/cloudHand/stm32/stm32_first/Inc" -I"/home/liguo/project/cloudHand/stm32/stm32_first/Drivers/STM32F1xx_HAL_Driver/Inc" -I"/home/liguo/project/cloudHand/stm32/stm32_first/Drivers/STM32F1xx_HAL_Driver/Inc/Legacy" -I"/home/liguo/project/cloudHand/stm32/stm32_first/Drivers/CMSIS/Device/ST/STM32F1xx/Include" -I"/home/liguo/project/cloudHand/stm32/stm32_first/Drivers/CMSIS/Include" -I"/home/liguo/project/cloudHand/stm32/stm32_first/Middlewares/Third_Party/FreeRTOS/Source/portable/GCC/ARM_CM3" -I"/home/liguo/project/cloudHand/stm32/stm32_first/Middlewares/Third_Party/FreeRTOS/Source/include" -I"/home/liguo/project/cloudHand/stm32/stm32_first/Middlewares/Third_Party/FreeRTOS/Source/CMSIS_RTOS"  -Og -g3 -Wall -fmessage-length=0 -ffunction-sections -c -fmessage-length=0 -MMD -MP -MF"Middlewares/Third_Party/FreeRTOS/Source/CMSIS_RTOS/cmsis_os.d" -MT"Middlewares/Third_Party/FreeRTOS/Source/CMSIS_RTOS/cmsis_os.o" -o "Middlewares/Third_Party/FreeRTOS/Source/CMSIS_RTOS/cmsis_os.o" "../Middlewares/Third_Party/FreeRTOS/Source/CMSIS_RTOS/cmsis_os.c"
Finished building: ../Middlewares/Third_Party/FreeRTOS/Source/CMSIS_RTOS/cmsis_os.c
 
Building file: ../Middlewares/Third_Party/FreeRTOS/Source/croutine.c
Invoking: MCU GCC Compiler
/home/liguo/project/cloudHand/stm32/stm32_first/Debug
arm-none-eabi-gcc -mcpu=cortex-m3 -mthumb -mfloat-abi=soft '-D__weak=__attribute__((weak))' '-D__packed="__attribute__((__packed__))"' -DUSE_HAL_DRIVER -DSTM32F103xE -I"/home/liguo/project/cloudHand/stm32/stm32_first/Inc" -I"/home/liguo/project/cloudHand/stm32/stm32_first/Drivers/STM32F1xx_HAL_Driver/Inc" -I"/home/liguo/project/cloudHand/stm32/stm32_first/Drivers/STM32F1xx_HAL_Driver/Inc/Legacy" -I"/home/liguo/project/cloudHand/stm32/stm32_first/Drivers/CMSIS/Device/ST/STM32F1xx/Include" -I"/home/liguo/project/cloudHand/stm32/stm32_first/Drivers/CMSIS/Include" -I"/home/liguo/project/cloudHand/stm32/stm32_first/Middlewares/Third_Party/FreeRTOS/Source/portable/GCC/ARM_CM3" -I"/home/liguo/project/cloudHand/stm32/stm32_first/Middlewares/Third_Party/FreeRTOS/Source/include" -I"/home/liguo/project/cloudHand/stm32/stm32_first/Middlewares/Third_Party/FreeRTOS/Source/CMSIS_RTOS"  -Og -g3 -Wall -fmessage-length=0 -ffunction-sections -c -fmessage-length=0 -MMD -MP -MF"Middlewares/Third_Party/FreeRTOS/Source/croutine.d" -MT"Middlewares/Third_Party/FreeRTOS/Source/croutine.o" -o "Middlewares/Third_Party/FreeRTOS/Source/croutine.o" "../Middlewares/Third_Party/FreeRTOS/Source/croutine.c"
Finished building: ../Middlewares/Third_Party/FreeRTOS/Source/croutine.c
 
Building file: ../Middlewares/Third_Party/FreeRTOS/Source/event_groups.c
Invoking: MCU GCC Compiler
/home/liguo/project/cloudHand/stm32/stm32_first/Debug
arm-none-eabi-gcc -mcpu=cortex-m3 -mthumb -mfloat-abi=soft '-D__weak=__attribute__((weak))' '-D__packed="__attribute__((__packed__))"' -DUSE_HAL_DRIVER -DSTM32F103xE -I"/home/liguo/project/cloudHand/stm32/stm32_first/Inc" -I"/home/liguo/project/cloudHand/stm32/stm32_first/Drivers/STM32F1xx_HAL_Driver/Inc" -I"/home/liguo/project/cloudHand/stm32/stm32_first/Drivers/STM32F1xx_HAL_Driver/Inc/Legacy" -I"/home/liguo/project/cloudHand/stm32/stm32_first/Drivers/CMSIS/Device/ST/STM32F1xx/Include" -I"/home/liguo/project/cloudHand/stm32/stm32_first/Drivers/CMSIS/Include" -I"/home/liguo/project/cloudHand/stm32/stm32_first/Middlewares/Third_Party/FreeRTOS/Source/portable/GCC/ARM_CM3" -I"/home/liguo/project/cloudHand/stm32/stm32_first/Middlewares/Third_Party/FreeRTOS/Source/include" -I"/home/liguo/project/cloudHand/stm32/stm32_first/Middlewares/Third_Party/FreeRTOS/Source/CMSIS_RTOS"  -Og -g3 -Wall -fmessage-length=0 -ffunction-sections -c -fmessage-length=0 -MMD -MP -MF"Middlewares/Third_Party/FreeRTOS/Source/event_groups.d" -MT"Middlewares/Third_Party/FreeRTOS/Source/event_groups.o" -o "Middlewares/Third_Party/FreeRTOS/Source/event_groups.o" "../Middlewares/Third_Party/FreeRTOS/Source/event_groups.c"
Finished building: ../Middlewares/Third_Party/FreeRTOS/Source/event_groups.c
 
Building file: ../Middlewares/Third_Party/FreeRTOS/Source/list.c
Invoking: MCU GCC Compiler
/home/liguo/project/cloudHand/stm32/stm32_first/Debug
arm-none-eabi-gcc -mcpu=cortex-m3 -mthumb -mfloat-abi=soft '-D__weak=__attribute__((weak))' '-D__packed="__attribute__((__packed__))"' -DUSE_HAL_DRIVER -DSTM32F103xE -I"/home/liguo/project/cloudHand/stm32/stm32_first/Inc" -I"/home/liguo/project/cloudHand/stm32/stm32_first/Drivers/STM32F1xx_HAL_Driver/Inc" -I"/home/liguo/project/cloudHand/stm32/stm32_first/Drivers/STM32F1xx_HAL_Driver/Inc/Legacy" -I"/home/liguo/project/cloudHand/stm32/stm32_first/Drivers/CMSIS/Device/ST/STM32F1xx/Include" -I"/home/liguo/project/cloudHand/stm32/stm32_first/Drivers/CMSIS/Include" -I"/home/liguo/project/cloudHand/stm32/stm32_first/Middlewares/Third_Party/FreeRTOS/Source/portable/GCC/ARM_CM3" -I"/home/liguo/project/cloudHand/stm32/stm32_first/Middlewares/Third_Party/FreeRTOS/Source/include" -I"/home/liguo/project/cloudHand/stm32/stm32_first/Middlewares/Third_Party/FreeRTOS/Source/CMSIS_RTOS"  -Og -g3 -Wall -fmessage-length=0 -ffunction-sections -c -fmessage-length=0 -MMD -MP -MF"Middlewares/Third_Party/FreeRTOS/Source/list.d" -MT"Middlewares/Third_Party/FreeRTOS/Source/list.o" -o "Middlewares/Third_Party/FreeRTOS/Source/list.o" "../Middlewares/Third_Party/FreeRTOS/Source/list.c"
Finished building: ../Middlewares/Third_Party/FreeRTOS/Source/list.c
 
Building file: ../Middlewares/Third_Party/FreeRTOS/Source/queue.c
Invoking: MCU GCC Compiler
/home/liguo/project/cloudHand/stm32/stm32_first/Debug
arm-none-eabi-gcc -mcpu=cortex-m3 -mthumb -mfloat-abi=soft '-D__weak=__attribute__((weak))' '-D__packed="__attribute__((__packed__))"' -DUSE_HAL_DRIVER -DSTM32F103xE -I"/home/liguo/project/cloudHand/stm32/stm32_first/Inc" -I"/home/liguo/project/cloudHand/stm32/stm32_first/Drivers/STM32F1xx_HAL_Driver/Inc" -I"/home/liguo/project/cloudHand/stm32/stm32_first/Drivers/STM32F1xx_HAL_Driver/Inc/Legacy" -I"/home/liguo/project/cloudHand/stm32/stm32_first/Drivers/CMSIS/Device/ST/STM32F1xx/Include" -I"/home/liguo/project/cloudHand/stm32/stm32_first/Drivers/CMSIS/Include" -I"/home/liguo/project/cloudHand/stm32/stm32_first/Middlewares/Third_Party/FreeRTOS/Source/portable/GCC/ARM_CM3" -I"/home/liguo/project/cloudHand/stm32/stm32_first/Middlewares/Third_Party/FreeRTOS/Source/include" -I"/home/liguo/project/cloudHand/stm32/stm32_first/Middlewares/Third_Party/FreeRTOS/Source/CMSIS_RTOS"  -Og -g3 -Wall -fmessage-length=0 -ffunction-sections -c -fmessage-length=0 -MMD -MP -MF"Middlewares/Third_Party/FreeRTOS/Source/queue.d" -MT"Middlewares/Third_Party/FreeRTOS/Source/queue.o" -o "Middlewares/Third_Party/FreeRTOS/Source/queue.o" "../Middlewares/Third_Party/FreeRTOS/Source/queue.c"
Finished building: ../Middlewares/Third_Party/FreeRTOS/Source/queue.c
 
Building file: ../Middlewares/Third_Party/FreeRTOS/Source/tasks.c
Invoking: MCU GCC Compiler
/home/liguo/project/cloudHand/stm32/stm32_first/Debug
arm-none-eabi-gcc -mcpu=cortex-m3 -mthumb -mfloat-abi=soft '-D__weak=__attribute__((weak))' '-D__packed="__attribute__((__packed__))"' -DUSE_HAL_DRIVER -DSTM32F103xE -I"/home/liguo/project/cloudHand/stm32/stm32_first/Inc" -I"/home/liguo/project/cloudHand/stm32/stm32_first/Drivers/STM32F1xx_HAL_Driver/Inc" -I"/home/liguo/project/cloudHand/stm32/stm32_first/Drivers/STM32F1xx_HAL_Driver/Inc/Legacy" -I"/home/liguo/project/cloudHand/stm32/stm32_first/Drivers/CMSIS/Device/ST/STM32F1xx/Include" -I"/home/liguo/project/cloudHand/stm32/stm32_first/Drivers/CMSIS/Include" -I"/home/liguo/project/cloudHand/stm32/stm32_first/Middlewares/Third_Party/FreeRTOS/Source/portable/GCC/ARM_CM3" -I"/home/liguo/project/cloudHand/stm32/stm32_first/Middlewares/Third_Party/FreeRTOS/Source/include" -I"/home/liguo/project/cloudHand/stm32/stm32_first/Middlewares/Third_Party/FreeRTOS/Source/CMSIS_RTOS"  -Og -g3 -Wall -fmessage-length=0 -ffunction-sections -c -fmessage-length=0 -MMD -MP -MF"Middlewares/Third_Party/FreeRTOS/Source/tasks.d" -MT"Middlewares/Third_Party/FreeRTOS/Source/tasks.o" -o "Middlewares/Third_Party/FreeRTOS/Source/tasks.o" "../Middlewares/Third_Party/FreeRTOS/Source/tasks.c"
Finished building: ../Middlewares/Third_Party/FreeRTOS/Source/tasks.c
 
Building file: ../Middlewares/Third_Party/FreeRTOS/Source/timers.c
Invoking: MCU GCC Compiler
/home/liguo/project/cloudHand/stm32/stm32_first/Debug
arm-none-eabi-gcc -mcpu=cortex-m3 -mthumb -mfloat-abi=soft '-D__weak=__attribute__((weak))' '-D__packed="__attribute__((__packed__))"' -DUSE_HAL_DRIVER -DSTM32F103xE -I"/home/liguo/project/cloudHand/stm32/stm32_first/Inc" -I"/home/liguo/project/cloudHand/stm32/stm32_first/Drivers/STM32F1xx_HAL_Driver/Inc" -I"/home/liguo/project/cloudHand/stm32/stm32_first/Drivers/STM32F1xx_HAL_Driver/Inc/Legacy" -I"/home/liguo/project/cloudHand/stm32/stm32_first/Drivers/CMSIS/Device/ST/STM32F1xx/Include" -I"/home/liguo/project/cloudHand/stm32/stm32_first/Drivers/CMSIS/Include" -I"/home/liguo/project/cloudHand/stm32/stm32_first/Middlewares/Third_Party/FreeRTOS/Source/portable/GCC/ARM_CM3" -I"/home/liguo/project/cloudHand/stm32/stm32_first/Middlewares/Third_Party/FreeRTOS/Source/include" -I"/home/liguo/project/cloudHand/stm32/stm32_first/Middlewares/Third_Party/FreeRTOS/Source/CMSIS_RTOS"  -Og -g3 -Wall -fmessage-length=0 -ffunction-sections -c -fmessage-length=0 -MMD -MP -MF"Middlewares/Third_Party/FreeRTOS/Source/timers.d" -MT"Middlewares/Third_Party/FreeRTOS/Source/timers.o" -o "Middlewares/Third_Party/FreeRTOS/Source/timers.o" "../Middlewares/Third_Party/FreeRTOS/Source/timers.c"
Finished building: ../Middlewares/Third_Party/FreeRTOS/Source/timers.c
 
Building file: ../Drivers/STM32F1xx_HAL_Driver/Src/stm32f1xx_hal.c
Invoking: MCU GCC Compiler
/home/liguo/project/cloudHand/stm32/stm32_first/Debug
arm-none-eabi-gcc -mcpu=cortex-m3 -mthumb -mfloat-abi=soft '-D__weak=__attribute__((weak))' '-D__packed="__attribute__((__packed__))"' -DUSE_HAL_DRIVER -DSTM32F103xE -I"/home/liguo/project/cloudHand/stm32/stm32_first/Inc" -I"/home/liguo/project/cloudHand/stm32/stm32_first/Drivers/STM32F1xx_HAL_Driver/Inc" -I"/home/liguo/project/cloudHand/stm32/stm32_first/Drivers/STM32F1xx_HAL_Driver/Inc/Legacy" -I"/home/liguo/project/cloudHand/stm32/stm32_first/Drivers/CMSIS/Device/ST/STM32F1xx/Include" -I"/home/liguo/project/cloudHand/stm32/stm32_first/Drivers/CMSIS/Include" -I"/home/liguo/project/cloudHand/stm32/stm32_first/Middlewares/Third_Party/FreeRTOS/Source/portable/GCC/ARM_CM3" -I"/home/liguo/project/cloudHand/stm32/stm32_first/Middlewares/Third_Party/FreeRTOS/Source/include" -I"/home/liguo/project/cloudHand/stm32/stm32_first/Middlewares/Third_Party/FreeRTOS/Source/CMSIS_RTOS"  -Og -g3 -Wall -fmessage-length=0 -ffunction-sections -c -fmessage-length=0 -MMD -MP -MF"Drivers/STM32F1xx_HAL_Driver/Src/stm32f1xx_hal.d" -MT"Drivers/STM32F1xx_HAL_Driver/Src/stm32f1xx_hal.o" -o "Drivers/STM32F1xx_HAL_Driver/Src/stm32f1xx_hal.o" "../Drivers/STM32F1xx_HAL_Driver/Src/stm32f1xx_hal.c"
Finished building: ../Drivers/STM32F1xx_HAL_Driver/Src/stm32f1xx_hal.c
 
Building file: ../Drivers/STM32F1xx_HAL_Driver/Src/stm32f1xx_hal_cortex.c
Invoking: MCU GCC Compiler
/home/liguo/project/cloudHand/stm32/stm32_first/Debug
arm-none-eabi-gcc -mcpu=cortex-m3 -mthumb -mfloat-abi=soft '-D__weak=__attribute__((weak))' '-D__packed="__attribute__((__packed__))"' -DUSE_HAL_DRIVER -DSTM32F103xE -I"/home/liguo/project/cloudHand/stm32/stm32_first/Inc" -I"/home/liguo/project/cloudHand/stm32/stm32_first/Drivers/STM32F1xx_HAL_Driver/Inc" -I"/home/liguo/project/cloudHand/stm32/stm32_first/Drivers/STM32F1xx_HAL_Driver/Inc/Legacy" -I"/home/liguo/project/cloudHand/stm32/stm32_first/Drivers/CMSIS/Device/ST/STM32F1xx/Include" -I"/home/liguo/project/cloudHand/stm32/stm32_first/Drivers/CMSIS/Include" -I"/home/liguo/project/cloudHand/stm32/stm32_first/Middlewares/Third_Party/FreeRTOS/Source/portable/GCC/ARM_CM3" -I"/home/liguo/project/cloudHand/stm32/stm32_first/Middlewares/Third_Party/FreeRTOS/Source/include" -I"/home/liguo/project/cloudHand/stm32/stm32_first/Middlewares/Third_Party/FreeRTOS/Source/CMSIS_RTOS"  -Og -g3 -Wall -fmessage-length=0 -ffunction-sections -c -fmessage-length=0 -MMD -MP -MF"Drivers/STM32F1xx_HAL_Driver/Src/stm32f1xx_hal_cortex.d" -MT"Drivers/STM32F1xx_HAL_Driver/Src/stm32f1xx_hal_cortex.o" -o "Drivers/STM32F1xx_HAL_Driver/Src/stm32f1xx_hal_cortex.o" "../Drivers/STM32F1xx_HAL_Driver/Src/stm32f1xx_hal_cortex.c"
Finished building: ../Drivers/STM32F1xx_HAL_Driver/Src/stm32f1xx_hal_cortex.c
 
Building file: ../Drivers/STM32F1xx_HAL_Driver/Src/stm32f1xx_hal_dma.c
Invoking: MCU GCC Compiler
/home/liguo/project/cloudHand/stm32/stm32_first/Debug
arm-none-eabi-gcc -mcpu=cortex-m3 -mthumb -mfloat-abi=soft '-D__weak=__attribute__((weak))' '-D__packed="__attribute__((__packed__))"' -DUSE_HAL_DRIVER -DSTM32F103xE -I"/home/liguo/project/cloudHand/stm32/stm32_first/Inc" -I"/home/liguo/project/cloudHand/stm32/stm32_first/Drivers/STM32F1xx_HAL_Driver/Inc" -I"/home/liguo/project/cloudHand/stm32/stm32_first/Drivers/STM32F1xx_HAL_Driver/Inc/Legacy" -I"/home/liguo/project/cloudHand/stm32/stm32_first/Drivers/CMSIS/Device/ST/STM32F1xx/Include" -I"/home/liguo/project/cloudHand/stm32/stm32_first/Drivers/CMSIS/Include" -I"/home/liguo/project/cloudHand/stm32/stm32_first/Middlewares/Third_Party/FreeRTOS/Source/portable/GCC/ARM_CM3" -I"/home/liguo/project/cloudHand/stm32/stm32_first/Middlewares/Third_Party/FreeRTOS/Source/include" -I"/home/liguo/project/cloudHand/stm32/stm32_first/Middlewares/Third_Party/FreeRTOS/Source/CMSIS_RTOS"  -Og -g3 -Wall -fmessage-length=0 -ffunction-sections -c -fmessage-length=0 -MMD -MP -MF"Drivers/STM32F1xx_HAL_Driver/Src/stm32f1xx_hal_dma.d" -MT"Drivers/STM32F1xx_HAL_Driver/Src/stm32f1xx_hal_dma.o" -o "Drivers/STM32F1xx_HAL_Driver/Src/stm32f1xx_hal_dma.o" "../Drivers/STM32F1xx_HAL_Driver/Src/stm32f1xx_hal_dma.c"
Finished building: ../Drivers/STM32F1xx_HAL_Driver/Src/stm32f1xx_hal_dma.c
 
Building file: ../Drivers/STM32F1xx_HAL_Driver/Src/stm32f1xx_hal_flash.c
Invoking: MCU GCC Compiler
/home/liguo/project/cloudHand/stm32/stm32_first/Debug
arm-none-eabi-gcc -mcpu=cortex-m3 -mthumb -mfloat-abi=soft '-D__weak=__attribute__((weak))' '-D__packed="__attribute__((__packed__))"' -DUSE_HAL_DRIVER -DSTM32F103xE -I"/home/liguo/project/cloudHand/stm32/stm32_first/Inc" -I"/home/liguo/project/cloudHand/stm32/stm32_first/Drivers/STM32F1xx_HAL_Driver/Inc" -I"/home/liguo/project/cloudHand/stm32/stm32_first/Drivers/STM32F1xx_HAL_Driver/Inc/Legacy" -I"/home/liguo/project/cloudHand/stm32/stm32_first/Drivers/CMSIS/Device/ST/STM32F1xx/Include" -I"/home/liguo/project/cloudHand/stm32/stm32_first/Drivers/CMSIS/Include" -I"/home/liguo/project/cloudHand/stm32/stm32_first/Middlewares/Third_Party/FreeRTOS/Source/portable/GCC/ARM_CM3" -I"/home/liguo/project/cloudHand/stm32/stm32_first/Middlewares/Third_Party/FreeRTOS/Source/include" -I"/home/liguo/project/cloudHand/stm32/stm32_first/Middlewares/Third_Party/FreeRTOS/Source/CMSIS_RTOS"  -Og -g3 -Wall -fmessage-length=0 -ffunction-sections -c -fmessage-length=0 -MMD -MP -MF"Drivers/STM32F1xx_HAL_Driver/Src/stm32f1xx_hal_flash.d" -MT"Drivers/STM32F1xx_HAL_Driver/Src/stm32f1xx_hal_flash.o" -o "Drivers/STM32F1xx_HAL_Driver/Src/stm32f1xx_hal_flash.o" "../Drivers/STM32F1xx_HAL_Driver/Src/stm32f1xx_hal_flash.c"
Finished building: ../Drivers/STM32F1xx_HAL_Driver/Src/stm32f1xx_hal_flash.c
 
Building file: ../Drivers/STM32F1xx_HAL_Driver/Src/stm32f1xx_hal_flash_ex.c
Invoking: MCU GCC Compiler
/home/liguo/project/cloudHand/stm32/stm32_first/Debug
arm-none-eabi-gcc -mcpu=cortex-m3 -mthumb -mfloat-abi=soft '-D__weak=__attribute__((weak))' '-D__packed="__attribute__((__packed__))"' -DUSE_HAL_DRIVER -DSTM32F103xE -I"/home/liguo/project/cloudHand/stm32/stm32_first/Inc" -I"/home/liguo/project/cloudHand/stm32/stm32_first/Drivers/STM32F1xx_HAL_Driver/Inc" -I"/home/liguo/project/cloudHand/stm32/stm32_first/Drivers/STM32F1xx_HAL_Driver/Inc/Legacy" -I"/home/liguo/project/cloudHand/stm32/stm32_first/Drivers/CMSIS/Device/ST/STM32F1xx/Include" -I"/home/liguo/project/cloudHand/stm32/stm32_first/Drivers/CMSIS/Include" -I"/home/liguo/project/cloudHand/stm32/stm32_first/Middlewares/Third_Party/FreeRTOS/Source/portable/GCC/ARM_CM3" -I"/home/liguo/project/cloudHand/stm32/stm32_first/Middlewares/Third_Party/FreeRTOS/Source/include" -I"/home/liguo/project/cloudHand/stm32/stm32_first/Middlewares/Third_Party/FreeRTOS/Source/CMSIS_RTOS"  -Og -g3 -Wall -fmessage-length=0 -ffunction-sections -c -fmessage-length=0 -MMD -MP -MF"Drivers/STM32F1xx_HAL_Driver/Src/stm32f1xx_hal_flash_ex.d" -MT"Drivers/STM32F1xx_HAL_Driver/Src/stm32f1xx_hal_flash_ex.o" -o "Drivers/STM32F1xx_HAL_Driver/Src/stm32f1xx_hal_flash_ex.o" "../Drivers/STM32F1xx_HAL_Driver/Src/stm32f1xx_hal_flash_ex.c"
Finished building: ../Drivers/STM32F1xx_HAL_Driver/Src/stm32f1xx_hal_flash_ex.c
 
Building file: ../Drivers/STM32F1xx_HAL_Driver/Src/stm32f1xx_hal_gpio.c
Invoking: MCU GCC Compiler
/home/liguo/project/cloudHand/stm32/stm32_first/Debug
arm-none-eabi-gcc -mcpu=cortex-m3 -mthumb -mfloat-abi=soft '-D__weak=__attribute__((weak))' '-D__packed="__attribute__((__packed__))"' -DUSE_HAL_DRIVER -DSTM32F103xE -I"/home/liguo/project/cloudHand/stm32/stm32_first/Inc" -I"/home/liguo/project/cloudHand/stm32/stm32_first/Drivers/STM32F1xx_HAL_Driver/Inc" -I"/home/liguo/project/cloudHand/stm32/stm32_first/Drivers/STM32F1xx_HAL_Driver/Inc/Legacy" -I"/home/liguo/project/cloudHand/stm32/stm32_first/Drivers/CMSIS/Device/ST/STM32F1xx/Include" -I"/home/liguo/project/cloudHand/stm32/stm32_first/Drivers/CMSIS/Include" -I"/home/liguo/project/cloudHand/stm32/stm32_first/Middlewares/Third_Party/FreeRTOS/Source/portable/GCC/ARM_CM3" -I"/home/liguo/project/cloudHand/stm32/stm32_first/Middlewares/Third_Party/FreeRTOS/Source/include" -I"/home/liguo/project/cloudHand/stm32/stm32_first/Middlewares/Third_Party/FreeRTOS/Source/CMSIS_RTOS"  -Og -g3 -Wall -fmessage-length=0 -ffunction-sections -c -fmessage-length=0 -MMD -MP -MF"Drivers/STM32F1xx_HAL_Driver/Src/stm32f1xx_hal_gpio.d" -MT"Drivers/STM32F1xx_HAL_Driver/Src/stm32f1xx_hal_gpio.o" -o "Drivers/STM32F1xx_HAL_Driver/Src/stm32f1xx_hal_gpio.o" "../Drivers/STM32F1xx_HAL_Driver/Src/stm32f1xx_hal_gpio.c"
Finished building: ../Drivers/STM32F1xx_HAL_Driver/Src/stm32f1xx_hal_gpio.c
 
Building file: ../Drivers/STM32F1xx_HAL_Driver/Src/stm32f1xx_hal_gpio_ex.c
Invoking: MCU GCC Compiler
/home/liguo/project/cloudHand/stm32/stm32_first/Debug
arm-none-eabi-gcc -mcpu=cortex-m3 -mthumb -mfloat-abi=soft '-D__weak=__attribute__((weak))' '-D__packed="__attribute__((__packed__))"' -DUSE_HAL_DRIVER -DSTM32F103xE -I"/home/liguo/project/cloudHand/stm32/stm32_first/Inc" -I"/home/liguo/project/cloudHand/stm32/stm32_first/Drivers/STM32F1xx_HAL_Driver/Inc" -I"/home/liguo/project/cloudHand/stm32/stm32_first/Drivers/STM32F1xx_HAL_Driver/Inc/Legacy" -I"/home/liguo/project/cloudHand/stm32/stm32_first/Drivers/CMSIS/Device/ST/STM32F1xx/Include" -I"/home/liguo/project/cloudHand/stm32/stm32_first/Drivers/CMSIS/Include" -I"/home/liguo/project/cloudHand/stm32/stm32_first/Middlewares/Third_Party/FreeRTOS/Source/portable/GCC/ARM_CM3" -I"/home/liguo/project/cloudHand/stm32/stm32_first/Middlewares/Third_Party/FreeRTOS/Source/include" -I"/home/liguo/project/cloudHand/stm32/stm32_first/Middlewares/Third_Party/FreeRTOS/Source/CMSIS_RTOS"  -Og -g3 -Wall -fmessage-length=0 -ffunction-sections -c -fmessage-length=0 -MMD -MP -MF"Drivers/STM32F1xx_HAL_Driver/Src/stm32f1xx_hal_gpio_ex.d" -MT"Drivers/STM32F1xx_HAL_Driver/Src/stm32f1xx_hal_gpio_ex.o" -o "Drivers/STM32F1xx_HAL_Driver/Src/stm32f1xx_hal_gpio_ex.o" "../Drivers/STM32F1xx_HAL_Driver/Src/stm32f1xx_hal_gpio_ex.c"
Finished building: ../Drivers/STM32F1xx_HAL_Driver/Src/stm32f1xx_hal_gpio_ex.c
 
Building file: ../Drivers/STM32F1xx_HAL_Driver/Src/stm32f1xx_hal_pwr.c
Invoking: MCU GCC Compiler
/home/liguo/project/cloudHand/stm32/stm32_first/Debug
arm-none-eabi-gcc -mcpu=cortex-m3 -mthumb -mfloat-abi=soft '-D__weak=__attribute__((weak))' '-D__packed="__attribute__((__packed__))"' -DUSE_HAL_DRIVER -DSTM32F103xE -I"/home/liguo/project/cloudHand/stm32/stm32_first/Inc" -I"/home/liguo/project/cloudHand/stm32/stm32_first/Drivers/STM32F1xx_HAL_Driver/Inc" -I"/home/liguo/project/cloudHand/stm32/stm32_first/Drivers/STM32F1xx_HAL_Driver/Inc/Legacy" -I"/home/liguo/project/cloudHand/stm32/stm32_first/Drivers/CMSIS/Device/ST/STM32F1xx/Include" -I"/home/liguo/project/cloudHand/stm32/stm32_first/Drivers/CMSIS/Include" -I"/home/liguo/project/cloudHand/stm32/stm32_first/Middlewares/Third_Party/FreeRTOS/Source/portable/GCC/ARM_CM3" -I"/home/liguo/project/cloudHand/stm32/stm32_first/Middlewares/Third_Party/FreeRTOS/Source/include" -I"/home/liguo/project/cloudHand/stm32/stm32_first/Middlewares/Third_Party/FreeRTOS/Source/CMSIS_RTOS"  -Og -g3 -Wall -fmessage-length=0 -ffunction-sections -c -fmessage-length=0 -MMD -MP -MF"Drivers/STM32F1xx_HAL_Driver/Src/stm32f1xx_hal_pwr.d" -MT"Drivers/STM32F1xx_HAL_Driver/Src/stm32f1xx_hal_pwr.o" -o "Drivers/STM32F1xx_HAL_Driver/Src/stm32f1xx_hal_pwr.o" "../Drivers/STM32F1xx_HAL_Driver/Src/stm32f1xx_hal_pwr.c"
Finished building: ../Drivers/STM32F1xx_HAL_Driver/Src/stm32f1xx_hal_pwr.c
 
Building file: ../Drivers/STM32F1xx_HAL_Driver/Src/stm32f1xx_hal_rcc.c
Invoking: MCU GCC Compiler
/home/liguo/project/cloudHand/stm32/stm32_first/Debug
arm-none-eabi-gcc -mcpu=cortex-m3 -mthumb -mfloat-abi=soft '-D__weak=__attribute__((weak))' '-D__packed="__attribute__((__packed__))"' -DUSE_HAL_DRIVER -DSTM32F103xE -I"/home/liguo/project/cloudHand/stm32/stm32_first/Inc" -I"/home/liguo/project/cloudHand/stm32/stm32_first/Drivers/STM32F1xx_HAL_Driver/Inc" -I"/home/liguo/project/cloudHand/stm32/stm32_first/Drivers/STM32F1xx_HAL_Driver/Inc/Legacy" -I"/home/liguo/project/cloudHand/stm32/stm32_first/Drivers/CMSIS/Device/ST/STM32F1xx/Include" -I"/home/liguo/project/cloudHand/stm32/stm32_first/Drivers/CMSIS/Include" -I"/home/liguo/project/cloudHand/stm32/stm32_first/Middlewares/Third_Party/FreeRTOS/Source/portable/GCC/ARM_CM3" -I"/home/liguo/project/cloudHand/stm32/stm32_first/Middlewares/Third_Party/FreeRTOS/Source/include" -I"/home/liguo/project/cloudHand/stm32/stm32_first/Middlewares/Third_Party/FreeRTOS/Source/CMSIS_RTOS"  -Og -g3 -Wall -fmessage-length=0 -ffunction-sections -c -fmessage-length=0 -MMD -MP -MF"Drivers/STM32F1xx_HAL_Driver/Src/stm32f1xx_hal_rcc.d" -MT"Drivers/STM32F1xx_HAL_Driver/Src/stm32f1xx_hal_rcc.o" -o "Drivers/STM32F1xx_HAL_Driver/Src/stm32f1xx_hal_rcc.o" "../Drivers/STM32F1xx_HAL_Driver/Src/stm32f1xx_hal_rcc.c"
Finished building: ../Drivers/STM32F1xx_HAL_Driver/Src/stm32f1xx_hal_rcc.c
 
Building file: ../Drivers/STM32F1xx_HAL_Driver/Src/stm32f1xx_hal_rcc_ex.c
Invoking: MCU GCC Compiler
/home/liguo/project/cloudHand/stm32/stm32_first/Debug
arm-none-eabi-gcc -mcpu=cortex-m3 -mthumb -mfloat-abi=soft '-D__weak=__attribute__((weak))' '-D__packed="__attribute__((__packed__))"' -DUSE_HAL_DRIVER -DSTM32F103xE -I"/home/liguo/project/cloudHand/stm32/stm32_first/Inc" -I"/home/liguo/project/cloudHand/stm32/stm32_first/Drivers/STM32F1xx_HAL_Driver/Inc" -I"/home/liguo/project/cloudHand/stm32/stm32_first/Drivers/STM32F1xx_HAL_Driver/Inc/Legacy" -I"/home/liguo/project/cloudHand/stm32/stm32_first/Drivers/CMSIS/Device/ST/STM32F1xx/Include" -I"/home/liguo/project/cloudHand/stm32/stm32_first/Drivers/CMSIS/Include" -I"/home/liguo/project/cloudHand/stm32/stm32_first/Middlewares/Third_Party/FreeRTOS/Source/portable/GCC/ARM_CM3" -I"/home/liguo/project/cloudHand/stm32/stm32_first/Middlewares/Third_Party/FreeRTOS/Source/include" -I"/home/liguo/project/cloudHand/stm32/stm32_first/Middlewares/Third_Party/FreeRTOS/Source/CMSIS_RTOS"  -Og -g3 -Wall -fmessage-length=0 -ffunction-sections -c -fmessage-length=0 -MMD -MP -MF"Drivers/STM32F1xx_HAL_Driver/Src/stm32f1xx_hal_rcc_ex.d" -MT"Drivers/STM32F1xx_HAL_Driver/Src/stm32f1xx_hal_rcc_ex.o" -o "Drivers/STM32F1xx_HAL_Driver/Src/stm32f1xx_hal_rcc_ex.o" "../Drivers/STM32F1xx_HAL_Driver/Src/stm32f1xx_hal_rcc_ex.c"
Finished building: ../Drivers/STM32F1xx_HAL_Driver/Src/stm32f1xx_hal_rcc_ex.c
 
Building file: ../Drivers/STM32F1xx_HAL_Driver/Src/stm32f1xx_hal_tim.c
Invoking: MCU GCC Compiler
/home/liguo/project/cloudHand/stm32/stm32_first/Debug
arm-none-eabi-gcc -mcpu=cortex-m3 -mthumb -mfloat-abi=soft '-D__weak=__attribute__((weak))' '-D__packed="__attribute__((__packed__))"' -DUSE_HAL_DRIVER -DSTM32F103xE -I"/home/liguo/project/cloudHand/stm32/stm32_first/Inc" -I"/home/liguo/project/cloudHand/stm32/stm32_first/Drivers/STM32F1xx_HAL_Driver/Inc" -I"/home/liguo/project/cloudHand/stm32/stm32_first/Drivers/STM32F1xx_HAL_Driver/Inc/Legacy" -I"/home/liguo/project/cloudHand/stm32/stm32_first/Drivers/CMSIS/Device/ST/STM32F1xx/Include" -I"/home/liguo/project/cloudHand/stm32/stm32_first/Drivers/CMSIS/Include" -I"/home/liguo/project/cloudHand/stm32/stm32_first/Middlewares/Third_Party/FreeRTOS/Source/portable/GCC/ARM_CM3" -I"/home/liguo/project/cloudHand/stm32/stm32_first/Middlewares/Third_Party/FreeRTOS/Source/include" -I"/home/liguo/project/cloudHand/stm32/stm32_first/Middlewares/Third_Party/FreeRTOS/Source/CMSIS_RTOS"  -Og -g3 -Wall -fmessage-length=0 -ffunction-sections -c -fmessage-length=0 -MMD -MP -MF"Drivers/STM32F1xx_HAL_Driver/Src/stm32f1xx_hal_tim.d" -MT"Drivers/STM32F1xx_HAL_Driver/Src/stm32f1xx_hal_tim.o" -o "Drivers/STM32F1xx_HAL_Driver/Src/stm32f1xx_hal_tim.o" "../Drivers/STM32F1xx_HAL_Driver/Src/stm32f1xx_hal_tim.c"
Finished building: ../Drivers/STM32F1xx_HAL_Driver/Src/stm32f1xx_hal_tim.c
 
Building file: ../Drivers/STM32F1xx_HAL_Driver/Src/stm32f1xx_hal_tim_ex.c
Invoking: MCU GCC Compiler
/home/liguo/project/cloudHand/stm32/stm32_first/Debug
arm-none-eabi-gcc -mcpu=cortex-m3 -mthumb -mfloat-abi=soft '-D__weak=__attribute__((weak))' '-D__packed="__attribute__((__packed__))"' -DUSE_HAL_DRIVER -DSTM32F103xE -I"/home/liguo/project/cloudHand/stm32/stm32_first/Inc" -I"/home/liguo/project/cloudHand/stm32/stm32_first/Drivers/STM32F1xx_HAL_Driver/Inc" -I"/home/liguo/project/cloudHand/stm32/stm32_first/Drivers/STM32F1xx_HAL_Driver/Inc/Legacy" -I"/home/liguo/project/cloudHand/stm32/stm32_first/Drivers/CMSIS/Device/ST/STM32F1xx/Include" -I"/home/liguo/project/cloudHand/stm32/stm32_first/Drivers/CMSIS/Include" -I"/home/liguo/project/cloudHand/stm32/stm32_first/Middlewares/Third_Party/FreeRTOS/Source/portable/GCC/ARM_CM3" -I"/home/liguo/project/cloudHand/stm32/stm32_first/Middlewares/Third_Party/FreeRTOS/Source/include" -I"/home/liguo/project/cloudHand/stm32/stm32_first/Middlewares/Third_Party/FreeRTOS/Source/CMSIS_RTOS"  -Og -g3 -Wall -fmessage-length=0 -ffunction-sections -c -fmessage-length=0 -MMD -MP -MF"Drivers/STM32F1xx_HAL_Driver/Src/stm32f1xx_hal_tim_ex.d" -MT"Drivers/STM32F1xx_HAL_Driver/Src/stm32f1xx_hal_tim_ex.o" -o "Drivers/STM32F1xx_HAL_Driver/Src/stm32f1xx_hal_tim_ex.o" "../Drivers/STM32F1xx_HAL_Driver/Src/stm32f1xx_hal_tim_ex.c"
Finished building: ../Drivers/STM32F1xx_HAL_Driver/Src/stm32f1xx_hal_tim_ex.c
 
Building file: ../Drivers/STM32F1xx_HAL_Driver/Src/stm32f1xx_hal_uart.c
Invoking: MCU GCC Compiler
/home/liguo/project/cloudHand/stm32/stm32_first/Debug
arm-none-eabi-gcc -mcpu=cortex-m3 -mthumb -mfloat-abi=soft '-D__weak=__attribute__((weak))' '-D__packed="__attribute__((__packed__))"' -DUSE_HAL_DRIVER -DSTM32F103xE -I"/home/liguo/project/cloudHand/stm32/stm32_first/Inc" -I"/home/liguo/project/cloudHand/stm32/stm32_first/Drivers/STM32F1xx_HAL_Driver/Inc" -I"/home/liguo/project/cloudHand/stm32/stm32_first/Drivers/STM32F1xx_HAL_Driver/Inc/Legacy" -I"/home/liguo/project/cloudHand/stm32/stm32_first/Drivers/CMSIS/Device/ST/STM32F1xx/Include" -I"/home/liguo/project/cloudHand/stm32/stm32_first/Drivers/CMSIS/Include" -I"/home/liguo/project/cloudHand/stm32/stm32_first/Middlewares/Third_Party/FreeRTOS/Source/portable/GCC/ARM_CM3" -I"/home/liguo/project/cloudHand/stm32/stm32_first/Middlewares/Third_Party/FreeRTOS/Source/include" -I"/home/liguo/project/cloudHand/stm32/stm32_first/Middlewares/Third_Party/FreeRTOS/Source/CMSIS_RTOS"  -Og -g3 -Wall -fmessage-length=0 -ffunction-sections -c -fmessage-length=0 -MMD -MP -MF"Drivers/STM32F1xx_HAL_Driver/Src/stm32f1xx_hal_uart.d" -MT"Drivers/STM32F1xx_HAL_Driver/Src/stm32f1xx_hal_uart.o" -o "Drivers/STM32F1xx_HAL_Driver/Src/stm32f1xx_hal_uart.o" "../Drivers/STM32F1xx_HAL_Driver/Src/stm32f1xx_hal_uart.c"
Finished building: ../Drivers/STM32F1xx_HAL_Driver/Src/stm32f1xx_hal_uart.c
 
Building target: stm32_first.elf
Invoking: MCU GCC Linker
arm-none-eabi-gcc -mcpu=cortex-m3 -mthumb -mfloat-abi=soft -specs=nosys.specs -specs=nano.specs -T"../STM32F103ZETx_FLASH.ld" -Wl,-Map=output.map -Wl,--gc-sections -o "stm32_first.elf" @"objects.list"   -lm
Finished building target: stm32_first.elf
 
make --no-print-directory post-build
Generating binary and Printing size information:
arm-none-eabi-objcopy -O binary "stm32_first.elf" "stm32_first.bin"
arm-none-eabi-size "stm32_first.elf"
   text	   data	    bss	    dec	    hex	filename
   8728	     24	   5104	  13856	   3620	stm32_first.elf
 
10:24:30 **** Incremental Build of configuration Debug for project stm32_first ****
make all 
make: Nothing to be done for 'all'.
